Archive member included because of file (symbol)

c:/users/salma/onedrive/desktop/embedded_systems/zipped/01- imt sdk-20230714t090256z-001/01- imt sdk/imt_sdk_win_64/winavr/bin/../lib/gcc/avr/4.3.3/avr5\libgcc.a(_mulsi3.o)
                              ./HAL/WaterSensor/WaterSensor_Program.o (__mulsi3)
c:/users/salma/onedrive/desktop/embedded_systems/zipped/01- imt sdk-20230714t090256z-001/01- imt sdk/imt_sdk_win_64/winavr/bin/../lib/gcc/avr/4.3.3/avr5\libgcc.a(_udivmodhi4.o)
                              ./MCAL/Timers/Timer1/T1_Program.o (__udivmodhi4)
c:/users/salma/onedrive/desktop/embedded_systems/zipped/01- imt sdk-20230714t090256z-001/01- imt sdk/imt_sdk_win_64/winavr/bin/../lib/gcc/avr/4.3.3/avr5\libgcc.a(_divmodhi4.o)
                              ./MCAL/Timers/Timer1/T1_Program.o (__divmodhi4)
c:/users/salma/onedrive/desktop/embedded_systems/zipped/01- imt sdk-20230714t090256z-001/01- imt sdk/imt_sdk_win_64/winavr/bin/../lib/gcc/avr/4.3.3/avr5\libgcc.a(_udivmodsi4.o)
                              ./HAL/Lcd/Lcd_Program.o (__udivmodsi4)
c:/users/salma/onedrive/desktop/embedded_systems/zipped/01- imt sdk-20230714t090256z-001/01- imt sdk/imt_sdk_win_64/winavr/bin/../lib/gcc/avr/4.3.3/avr5\libgcc.a(_divmodsi4.o)
                              ./HAL/Lcd/Lcd_Program.o (__divmodsi4)
c:/users/salma/onedrive/desktop/embedded_systems/zipped/01- imt sdk-20230714t090256z-001/01- imt sdk/imt_sdk_win_64/winavr/bin/../lib/gcc/avr/4.3.3/avr5\libgcc.a(_exit.o)
                              c:/users/salma/onedrive/desktop/embedded_systems/zipped/01- imt sdk-20230714t090256z-001/01- imt sdk/imt_sdk_win_64/winavr/bin/../lib/gcc/avr/4.3.3/../../../../avr/lib/avr5/crtm32.o (exit)
c:/users/salma/onedrive/desktop/embedded_systems/zipped/01- imt sdk-20230714t090256z-001/01- imt sdk/imt_sdk_win_64/winavr/bin/../lib/gcc/avr/4.3.3/avr5\libgcc.a(_copy_data.o)
                              ./HAL/Seven_Segement/SevenSeg_Program.o (__do_copy_data)
c:/users/salma/onedrive/desktop/embedded_systems/zipped/01- imt sdk-20230714t090256z-001/01- imt sdk/imt_sdk_win_64/winavr/bin/../lib/gcc/avr/4.3.3/avr5\libgcc.a(_clear_bss.o)
                              ./MCAL/Timers/Timer2/T2_Program.o (__do_clear_bss)
c:/users/salma/onedrive/desktop/embedded_systems/zipped/01- imt sdk-20230714t090256z-001/01- imt sdk/imt_sdk_win_64/winavr/bin/../lib/gcc/avr/4.3.3/avr5\libgcc.a(_fixunssfsi.o)
                              ./HAL/WaterSensor/WaterSensor_Program.o (__fixunssfsi)
c:/users/salma/onedrive/desktop/embedded_systems/zipped/01- imt sdk-20230714t090256z-001/01- imt sdk/imt_sdk_win_64/winavr/bin/../lib/gcc/avr/4.3.3/avr5\libgcc.a(_addsub_sf.o)
                              c:/users/salma/onedrive/desktop/embedded_systems/zipped/01- imt sdk-20230714t090256z-001/01- imt sdk/imt_sdk_win_64/winavr/bin/../lib/gcc/avr/4.3.3/avr5\libgcc.a(_fixunssfsi.o) (__subsf3)
c:/users/salma/onedrive/desktop/embedded_systems/zipped/01- imt sdk-20230714t090256z-001/01- imt sdk/imt_sdk_win_64/winavr/bin/../lib/gcc/avr/4.3.3/avr5\libgcc.a(_mul_sf.o)
                              ./HAL/StepperMotor/Stepper_Program.o (__mulsf3)
c:/users/salma/onedrive/desktop/embedded_systems/zipped/01- imt sdk-20230714t090256z-001/01- imt sdk/imt_sdk_win_64/winavr/bin/../lib/gcc/avr/4.3.3/avr5\libgcc.a(_div_sf.o)
                              ./HAL/WaterSensor/WaterSensor_Program.o (__divsf3)
c:/users/salma/onedrive/desktop/embedded_systems/zipped/01- imt sdk-20230714t090256z-001/01- imt sdk/imt_sdk_win_64/winavr/bin/../lib/gcc/avr/4.3.3/avr5\libgcc.a(_gt_sf.o)
                              ./HAL/StepperMotor/Stepper_Program.o (__gtsf2)
c:/users/salma/onedrive/desktop/embedded_systems/zipped/01- imt sdk-20230714t090256z-001/01- imt sdk/imt_sdk_win_64/winavr/bin/../lib/gcc/avr/4.3.3/avr5\libgcc.a(_ge_sf.o)
                              c:/users/salma/onedrive/desktop/embedded_systems/zipped/01- imt sdk-20230714t090256z-001/01- imt sdk/imt_sdk_win_64/winavr/bin/../lib/gcc/avr/4.3.3/avr5\libgcc.a(_fixunssfsi.o) (__gesf2)
c:/users/salma/onedrive/desktop/embedded_systems/zipped/01- imt sdk-20230714t090256z-001/01- imt sdk/imt_sdk_win_64/winavr/bin/../lib/gcc/avr/4.3.3/avr5\libgcc.a(_lt_sf.o)
                              ./HAL/StepperMotor/Stepper_Program.o (__ltsf2)
c:/users/salma/onedrive/desktop/embedded_systems/zipped/01- imt sdk-20230714t090256z-001/01- imt sdk/imt_sdk_win_64/winavr/bin/../lib/gcc/avr/4.3.3/avr5\libgcc.a(_sf_to_si.o)
                              c:/users/salma/onedrive/desktop/embedded_systems/zipped/01- imt sdk-20230714t090256z-001/01- imt sdk/imt_sdk_win_64/winavr/bin/../lib/gcc/avr/4.3.3/avr5\libgcc.a(_fixunssfsi.o) (__fixsfsi)
c:/users/salma/onedrive/desktop/embedded_systems/zipped/01- imt sdk-20230714t090256z-001/01- imt sdk/imt_sdk_win_64/winavr/bin/../lib/gcc/avr/4.3.3/avr5\libgcc.a(_thenan_sf.o)
                              c:/users/salma/onedrive/desktop/embedded_systems/zipped/01- imt sdk-20230714t090256z-001/01- imt sdk/imt_sdk_win_64/winavr/bin/../lib/gcc/avr/4.3.3/avr5\libgcc.a(_addsub_sf.o) (__thenan_sf)
c:/users/salma/onedrive/desktop/embedded_systems/zipped/01- imt sdk-20230714t090256z-001/01- imt sdk/imt_sdk_win_64/winavr/bin/../lib/gcc/avr/4.3.3/avr5\libgcc.a(_usi_to_sf.o)
                              ./HAL/WaterSensor/WaterSensor_Program.o (__floatunsisf)
c:/users/salma/onedrive/desktop/embedded_systems/zipped/01- imt sdk-20230714t090256z-001/01- imt sdk/imt_sdk_win_64/winavr/bin/../lib/gcc/avr/4.3.3/avr5\libgcc.a(_prologue.o)
                              c:/users/salma/onedrive/desktop/embedded_systems/zipped/01- imt sdk-20230714t090256z-001/01- imt sdk/imt_sdk_win_64/winavr/bin/../lib/gcc/avr/4.3.3/avr5\libgcc.a(_addsub_sf.o) (__prologue_saves__)
c:/users/salma/onedrive/desktop/embedded_systems/zipped/01- imt sdk-20230714t090256z-001/01- imt sdk/imt_sdk_win_64/winavr/bin/../lib/gcc/avr/4.3.3/avr5\libgcc.a(_epilogue.o)
                              c:/users/salma/onedrive/desktop/embedded_systems/zipped/01- imt sdk-20230714t090256z-001/01- imt sdk/imt_sdk_win_64/winavr/bin/../lib/gcc/avr/4.3.3/avr5\libgcc.a(_addsub_sf.o) (__epilogue_restores__)
c:/users/salma/onedrive/desktop/embedded_systems/zipped/01- imt sdk-20230714t090256z-001/01- imt sdk/imt_sdk_win_64/winavr/bin/../lib/gcc/avr/4.3.3/avr5\libgcc.a(_clzsi2.o)
                              c:/users/salma/onedrive/desktop/embedded_systems/zipped/01- imt sdk-20230714t090256z-001/01- imt sdk/imt_sdk_win_64/winavr/bin/../lib/gcc/avr/4.3.3/avr5\libgcc.a(_usi_to_sf.o) (__clzsi2)
c:/users/salma/onedrive/desktop/embedded_systems/zipped/01- imt sdk-20230714t090256z-001/01- imt sdk/imt_sdk_win_64/winavr/bin/../lib/gcc/avr/4.3.3/avr5\libgcc.a(_pack_sf.o)
                              c:/users/salma/onedrive/desktop/embedded_systems/zipped/01- imt sdk-20230714t090256z-001/01- imt sdk/imt_sdk_win_64/winavr/bin/../lib/gcc/avr/4.3.3/avr5\libgcc.a(_addsub_sf.o) (__pack_f)
c:/users/salma/onedrive/desktop/embedded_systems/zipped/01- imt sdk-20230714t090256z-001/01- imt sdk/imt_sdk_win_64/winavr/bin/../lib/gcc/avr/4.3.3/avr5\libgcc.a(_unpack_sf.o)
                              c:/users/salma/onedrive/desktop/embedded_systems/zipped/01- imt sdk-20230714t090256z-001/01- imt sdk/imt_sdk_win_64/winavr/bin/../lib/gcc/avr/4.3.3/avr5\libgcc.a(_addsub_sf.o) (__unpack_f)
c:/users/salma/onedrive/desktop/embedded_systems/zipped/01- imt sdk-20230714t090256z-001/01- imt sdk/imt_sdk_win_64/winavr/bin/../lib/gcc/avr/4.3.3/avr5\libgcc.a(_fpcmp_parts_sf.o)
                              c:/users/salma/onedrive/desktop/embedded_systems/zipped/01- imt sdk-20230714t090256z-001/01- imt sdk/imt_sdk_win_64/winavr/bin/../lib/gcc/avr/4.3.3/avr5\libgcc.a(_gt_sf.o) (__fpcmp_parts_f)
c:/users/salma/onedrive/desktop/embedded_systems/zipped/01- imt sdk-20230714t090256z-001/01- imt sdk/imt_sdk_win_64/winavr/bin/../lib/gcc/avr/4.3.3/avr5\libgcc.a(_clz.o)
                              c:/users/salma/onedrive/desktop/embedded_systems/zipped/01- imt sdk-20230714t090256z-001/01- imt sdk/imt_sdk_win_64/winavr/bin/../lib/gcc/avr/4.3.3/avr5\libgcc.a(_clzsi2.o) (__clz_tab)

Allocating common symbols
Common symbol       size              file

EXTI2_ISR           0x2               ./MCAL/EXTI/EXTI_Program.o
EXTI1_ISR           0x2               ./MCAL/EXTI/EXTI_Program.o
EXTI0_ISR           0x2               ./MCAL/EXTI/EXTI_Program.o

Memory Configuration

Name             Origin             Length             Attributes
text             0x00000000         0x00020000         xr
data             0x00800060         0x0000ffa0         rw !x
eeprom           0x00810000         0x00010000         rw !x
fuse             0x00820000         0x00000400         rw !x
lock             0x00830000         0x00000400         rw !x
signature        0x00840000         0x00000400         rw !x
*default*        0x00000000         0xffffffff

Linker script and memory map

LOAD c:/users/salma/onedrive/desktop/embedded_systems/zipped/01- imt sdk-20230714t090256z-001/01- imt sdk/imt_sdk_win_64/winavr/bin/../lib/gcc/avr/4.3.3/../../../../avr/lib/avr5/crtm32.o
LOAD ./MCAL/UART/UART_Program.o
LOAD ./MCAL/Timers/Timer2/T2_Program.o
LOAD ./MCAL/Timers/Timer1/T1_Program.o
LOAD ./MCAL/Timers/Timer0/T0_Program.o
LOAD ./MCAL/TWI/twi.o
LOAD ./MCAL/SPI/SPI_Program.o
LOAD ./MCAL/GIE/GIE_Program.o
LOAD ./MCAL/EXTI/EXTI_Program.o
LOAD ./MCAL/EEPROM_INTERNAL/EEPROM_Program.o
LOAD ./MCAL/DIO/DIO_Program.o
LOAD ./MCAL/ADC/ADC_Program.o
LOAD ./HAL/WaterSensor/WaterSensor_Program.o
LOAD ./HAL/TouchSensor/TouchSensor_Program.o
LOAD ./HAL/Switch/Switch_Program.o
LOAD ./HAL/StepperMotor/Stepper_Program.o
LOAD ./HAL/Seven_Segement/SevenSeg_Program.o
LOAD ./HAL/ServoMotor/ServoMotor_Program.o
LOAD ./HAL/Led/Led_Programe.o
LOAD ./HAL/Lcd/Lcd_Program.o
LOAD ./HAL/LM35/LM35_Program.o
LOAD ./HAL/LDR/LDR_Program.o
LOAD ./HAL/Keypad/Keypad_Program.o
LOAD ./HAL/GasSensor/GasSensor_Program.o
LOAD ./HAL/EEPROM_EXTERNAL/external_eeprom.o
LOAD ./HAL/DCMotor/DCMotor_Program.o
LOAD ./HAL/Buzzer/Buzzer_Program.o
LOAD ./HAL/BluetoothModule/BluetoothModule_Program.o
LOAD ./main.o
LOAD c:/users/salma/onedrive/desktop/embedded_systems/zipped/01- imt sdk-20230714t090256z-001/01- imt sdk/imt_sdk_win_64/winavr/bin/../lib/gcc/avr/4.3.3/avr5\libgcc.a
LOAD c:/users/salma/onedrive/desktop/embedded_systems/zipped/01- imt sdk-20230714t090256z-001/01- imt sdk/imt_sdk_win_64/winavr/bin/../lib/gcc/avr/4.3.3/../../../../avr/lib/avr5\libc.a
LOAD c:/users/salma/onedrive/desktop/embedded_systems/zipped/01- imt sdk-20230714t090256z-001/01- imt sdk/imt_sdk_win_64/winavr/bin/../lib/gcc/avr/4.3.3/avr5\libgcc.a

.hash
 *(.hash)

.dynsym
 *(.dynsym)

.dynstr
 *(.dynstr)

.gnu.version
 *(.gnu.version)

.gnu.version_d
 *(.gnu.version_d)

.gnu.version_r
 *(.gnu.version_r)

.rel.init
 *(.rel.init)

.rela.init
 *(.rela.init)

.rel.text
 *(.rel.text)
 *(.rel.text.*)
 *(.rel.gnu.linkonce.t*)

.rela.text
 *(.rela.text)
 *(.rela.text.*)
 *(.rela.gnu.linkonce.t*)

.rel.fini
 *(.rel.fini)

.rela.fini
 *(.rela.fini)

.rel.rodata
 *(.rel.rodata)
 *(.rel.rodata.*)
 *(.rel.gnu.linkonce.r*)

.rela.rodata
 *(.rela.rodata)
 *(.rela.rodata.*)
 *(.rela.gnu.linkonce.r*)

.rel.data
 *(.rel.data)
 *(.rel.data.*)
 *(.rel.gnu.linkonce.d*)

.rela.data
 *(.rela.data)
 *(.rela.data.*)
 *(.rela.gnu.linkonce.d*)

.rel.ctors
 *(.rel.ctors)

.rela.ctors
 *(.rela.ctors)

.rel.dtors
 *(.rel.dtors)

.rela.dtors
 *(.rela.dtors)

.rel.got
 *(.rel.got)

.rela.got
 *(.rela.got)

.rel.bss
 *(.rel.bss)

.rela.bss
 *(.rela.bss)

.rel.plt
 *(.rel.plt)

.rela.plt
 *(.rela.plt)

.text           0x00000000     0x5794
 *(.vectors)
 .vectors       0x00000000       0x54 c:/users/salma/onedrive/desktop/embedded_systems/zipped/01- imt sdk-20230714t090256z-001/01- imt sdk/imt_sdk_win_64/winavr/bin/../lib/gcc/avr/4.3.3/../../../../avr/lib/avr5/crtm32.o
                0x00000000                __vectors
                0x00000000                __vector_default
 *(.vectors)
 *(.progmem.gcc*)
 *(.progmem*)
                0x00000054                . = ALIGN (0x2)
                0x00000054                __trampolines_start = .
 *(.trampolines)
 .trampolines   0x00000054        0x0 linker stubs
 *(.trampolines*)
                0x00000054                __trampolines_end = .
 *(.jumptables)
 *(.jumptables*)
 *(.lowtext)
 *(.lowtext*)
                0x00000054                __ctors_start = .
 *(.ctors)
                0x00000054                __ctors_end = .
                0x00000054                __dtors_start = .
 *(.dtors)
                0x00000054                __dtors_end = .
 SORT(*)(.ctors)
 SORT(*)(.dtors)
 *(.init0)
 .init0         0x00000054        0x0 c:/users/salma/onedrive/desktop/embedded_systems/zipped/01- imt sdk-20230714t090256z-001/01- imt sdk/imt_sdk_win_64/winavr/bin/../lib/gcc/avr/4.3.3/../../../../avr/lib/avr5/crtm32.o
                0x00000054                __init
 *(.init0)
 *(.init1)
 *(.init1)
 *(.init2)
 .init2         0x00000054        0xc c:/users/salma/onedrive/desktop/embedded_systems/zipped/01- imt sdk-20230714t090256z-001/01- imt sdk/imt_sdk_win_64/winavr/bin/../lib/gcc/avr/4.3.3/../../../../avr/lib/avr5/crtm32.o
 *(.init2)
 *(.init3)
 *(.init3)
 *(.init4)
 .init4         0x00000060       0x16 c:/users/salma/onedrive/desktop/embedded_systems/zipped/01- imt sdk-20230714t090256z-001/01- imt sdk/imt_sdk_win_64/winavr/bin/../lib/gcc/avr/4.3.3/avr5\libgcc.a(_copy_data.o)
                0x00000060                __do_copy_data
 .init4         0x00000076       0x10 c:/users/salma/onedrive/desktop/embedded_systems/zipped/01- imt sdk-20230714t090256z-001/01- imt sdk/imt_sdk_win_64/winavr/bin/../lib/gcc/avr/4.3.3/avr5\libgcc.a(_clear_bss.o)
                0x00000076                __do_clear_bss
 *(.init4)
 *(.init5)
 *(.init5)
 *(.init6)
 *(.init6)
 *(.init7)
 *(.init7)
 *(.init8)
 *(.init8)
 *(.init9)
 .init9         0x00000086        0x8 c:/users/salma/onedrive/desktop/embedded_systems/zipped/01- imt sdk-20230714t090256z-001/01- imt sdk/imt_sdk_win_64/winavr/bin/../lib/gcc/avr/4.3.3/../../../../avr/lib/avr5/crtm32.o
 *(.init9)
 *(.text)
 .text          0x0000008e        0x4 c:/users/salma/onedrive/desktop/embedded_systems/zipped/01- imt sdk-20230714t090256z-001/01- imt sdk/imt_sdk_win_64/winavr/bin/../lib/gcc/avr/4.3.3/../../../../avr/lib/avr5/crtm32.o
                0x0000008e                __vector_12
                0x0000008e                __bad_interrupt
                0x0000008e                __vector_13
                0x0000008e                __vector_17
                0x0000008e                __vector_19
                0x0000008e                __vector_15
                0x0000008e                __vector_14
                0x0000008e                __vector_18
                0x0000008e                __vector_20
 .text          0x00000092        0x0 ./MCAL/UART/UART_Program.o
 .text          0x00000092        0x0 ./MCAL/Timers/Timer2/T2_Program.o
 .text          0x00000092        0x0 ./MCAL/Timers/Timer1/T1_Program.o
 .text          0x00000092        0x0 ./MCAL/Timers/Timer0/T0_Program.o
 .text          0x00000092        0x0 ./MCAL/TWI/twi.o
 .text          0x00000092        0x0 ./MCAL/SPI/SPI_Program.o
 .text          0x00000092        0x0 ./MCAL/GIE/GIE_Program.o
 .text          0x00000092        0x0 ./MCAL/EXTI/EXTI_Program.o
 .text          0x00000092        0x0 ./MCAL/EEPROM_INTERNAL/EEPROM_Program.o
 .text          0x00000092        0x0 ./MCAL/DIO/DIO_Program.o
 .text          0x00000092        0x0 ./MCAL/ADC/ADC_Program.o
 .text          0x00000092        0x0 ./HAL/WaterSensor/WaterSensor_Program.o
 .text          0x00000092        0x0 ./HAL/TouchSensor/TouchSensor_Program.o
 .text          0x00000092        0x0 ./HAL/Switch/Switch_Program.o
 .text          0x00000092        0x0 ./HAL/StepperMotor/Stepper_Program.o
 .text          0x00000092        0x0 ./HAL/Seven_Segement/SevenSeg_Program.o
 .text          0x00000092        0x0 ./HAL/ServoMotor/ServoMotor_Program.o
 .text          0x00000092        0x0 ./HAL/Led/Led_Programe.o
 .text          0x00000092        0x0 ./HAL/Lcd/Lcd_Program.o
 .text          0x00000092        0x0 ./HAL/LM35/LM35_Program.o
 .text          0x00000092        0x0 ./HAL/LDR/LDR_Program.o
 .text          0x00000092        0x0 ./HAL/Keypad/Keypad_Program.o
 .text          0x00000092        0x0 ./HAL/GasSensor/GasSensor_Program.o
 .text          0x00000092        0x0 ./HAL/EEPROM_EXTERNAL/external_eeprom.o
 .text          0x00000092        0x0 ./HAL/DCMotor/DCMotor_Program.o
 .text          0x00000092        0x0 ./HAL/Buzzer/Buzzer_Program.o
 .text          0x00000092        0x0 ./HAL/BluetoothModule/BluetoothModule_Program.o
 .text          0x00000092        0x0 ./main.o
 .text          0x00000092        0x0 c:/users/salma/onedrive/desktop/embedded_systems/zipped/01- imt sdk-20230714t090256z-001/01- imt sdk/imt_sdk_win_64/winavr/bin/../lib/gcc/avr/4.3.3/avr5\libgcc.a(_mulsi3.o)
 .text          0x00000092        0x0 c:/users/salma/onedrive/desktop/embedded_systems/zipped/01- imt sdk-20230714t090256z-001/01- imt sdk/imt_sdk_win_64/winavr/bin/../lib/gcc/avr/4.3.3/avr5\libgcc.a(_udivmodhi4.o)
 .text          0x00000092        0x0 c:/users/salma/onedrive/desktop/embedded_systems/zipped/01- imt sdk-20230714t090256z-001/01- imt sdk/imt_sdk_win_64/winavr/bin/../lib/gcc/avr/4.3.3/avr5\libgcc.a(_divmodhi4.o)
 .text          0x00000092        0x0 c:/users/salma/onedrive/desktop/embedded_systems/zipped/01- imt sdk-20230714t090256z-001/01- imt sdk/imt_sdk_win_64/winavr/bin/../lib/gcc/avr/4.3.3/avr5\libgcc.a(_udivmodsi4.o)
 .text          0x00000092        0x0 c:/users/salma/onedrive/desktop/embedded_systems/zipped/01- imt sdk-20230714t090256z-001/01- imt sdk/imt_sdk_win_64/winavr/bin/../lib/gcc/avr/4.3.3/avr5\libgcc.a(_divmodsi4.o)
 .text          0x00000092        0x0 c:/users/salma/onedrive/desktop/embedded_systems/zipped/01- imt sdk-20230714t090256z-001/01- imt sdk/imt_sdk_win_64/winavr/bin/../lib/gcc/avr/4.3.3/avr5\libgcc.a(_exit.o)
 .text          0x00000092        0x0 c:/users/salma/onedrive/desktop/embedded_systems/zipped/01- imt sdk-20230714t090256z-001/01- imt sdk/imt_sdk_win_64/winavr/bin/../lib/gcc/avr/4.3.3/avr5\libgcc.a(_copy_data.o)
 .text          0x00000092        0x0 c:/users/salma/onedrive/desktop/embedded_systems/zipped/01- imt sdk-20230714t090256z-001/01- imt sdk/imt_sdk_win_64/winavr/bin/../lib/gcc/avr/4.3.3/avr5\libgcc.a(_clear_bss.o)
 .text          0x00000092       0x58 c:/users/salma/onedrive/desktop/embedded_systems/zipped/01- imt sdk-20230714t090256z-001/01- imt sdk/imt_sdk_win_64/winavr/bin/../lib/gcc/avr/4.3.3/avr5\libgcc.a(_fixunssfsi.o)
                0x00000092                __fixunssfsi
 .text          0x000000ea      0x354 c:/users/salma/onedrive/desktop/embedded_systems/zipped/01- imt sdk-20230714t090256z-001/01- imt sdk/imt_sdk_win_64/winavr/bin/../lib/gcc/avr/4.3.3/avr5\libgcc.a(_addsub_sf.o)
                0x00000382                __subsf3
                0x000003e4                __addsf3
 .text          0x0000043e      0x1f4 c:/users/salma/onedrive/desktop/embedded_systems/zipped/01- imt sdk-20230714t090256z-001/01- imt sdk/imt_sdk_win_64/winavr/bin/../lib/gcc/avr/4.3.3/avr5\libgcc.a(_mul_sf.o)
                0x0000043e                __mulsf3
 .text          0x00000632      0x158 c:/users/salma/onedrive/desktop/embedded_systems/zipped/01- imt sdk-20230714t090256z-001/01- imt sdk/imt_sdk_win_64/winavr/bin/../lib/gcc/avr/4.3.3/avr5\libgcc.a(_div_sf.o)
                0x00000632                __divsf3
 .text          0x0000078a       0x60 c:/users/salma/onedrive/desktop/embedded_systems/zipped/01- imt sdk-20230714t090256z-001/01- imt sdk/imt_sdk_win_64/winavr/bin/../lib/gcc/avr/4.3.3/avr5\libgcc.a(_gt_sf.o)
                0x0000078a                __gtsf2
 .text          0x000007ea       0x60 c:/users/salma/onedrive/desktop/embedded_systems/zipped/01- imt sdk-20230714t090256z-001/01- imt sdk/imt_sdk_win_64/winavr/bin/../lib/gcc/avr/4.3.3/avr5\libgcc.a(_ge_sf.o)
                0x000007ea                __gesf2
 .text          0x0000084a       0x60 c:/users/salma/onedrive/desktop/embedded_systems/zipped/01- imt sdk-20230714t090256z-001/01- imt sdk/imt_sdk_win_64/winavr/bin/../lib/gcc/avr/4.3.3/avr5\libgcc.a(_lt_sf.o)
                0x0000084a                __ltsf2
 .text          0x000008aa       0xa8 c:/users/salma/onedrive/desktop/embedded_systems/zipped/01- imt sdk-20230714t090256z-001/01- imt sdk/imt_sdk_win_64/winavr/bin/../lib/gcc/avr/4.3.3/avr5\libgcc.a(_sf_to_si.o)
                0x000008aa                __fixsfsi
 .text          0x00000952        0x0 c:/users/salma/onedrive/desktop/embedded_systems/zipped/01- imt sdk-20230714t090256z-001/01- imt sdk/imt_sdk_win_64/winavr/bin/../lib/gcc/avr/4.3.3/avr5\libgcc.a(_thenan_sf.o)
 .text          0x00000952       0xf2 c:/users/salma/onedrive/desktop/embedded_systems/zipped/01- imt sdk-20230714t090256z-001/01- imt sdk/imt_sdk_win_64/winavr/bin/../lib/gcc/avr/4.3.3/avr5\libgcc.a(_usi_to_sf.o)
                0x00000952                __floatunsisf
 .text          0x00000a44        0x0 c:/users/salma/onedrive/desktop/embedded_systems/zipped/01- imt sdk-20230714t090256z-001/01- imt sdk/imt_sdk_win_64/winavr/bin/../lib/gcc/avr/4.3.3/avr5\libgcc.a(_prologue.o)
 .text          0x00000a44        0x0 c:/users/salma/onedrive/desktop/embedded_systems/zipped/01- imt sdk-20230714t090256z-001/01- imt sdk/imt_sdk_win_64/winavr/bin/../lib/gcc/avr/4.3.3/avr5\libgcc.a(_epilogue.o)
 .text          0x00000a44       0x9e c:/users/salma/onedrive/desktop/embedded_systems/zipped/01- imt sdk-20230714t090256z-001/01- imt sdk/imt_sdk_win_64/winavr/bin/../lib/gcc/avr/4.3.3/avr5\libgcc.a(_clzsi2.o)
                0x00000a44                __clzsi2
 .text          0x00000ae2      0x1aa c:/users/salma/onedrive/desktop/embedded_systems/zipped/01- imt sdk-20230714t090256z-001/01- imt sdk/imt_sdk_win_64/winavr/bin/../lib/gcc/avr/4.3.3/avr5\libgcc.a(_pack_sf.o)
                0x00000ae2                __pack_f
 .text          0x00000c8c       0xf0 c:/users/salma/onedrive/desktop/embedded_systems/zipped/01- imt sdk-20230714t090256z-001/01- imt sdk/imt_sdk_win_64/winavr/bin/../lib/gcc/avr/4.3.3/avr5\libgcc.a(_unpack_sf.o)
                0x00000c8c                __unpack_f
 .text          0x00000d7c       0xb2 c:/users/salma/onedrive/desktop/embedded_systems/zipped/01- imt sdk-20230714t090256z-001/01- imt sdk/imt_sdk_win_64/winavr/bin/../lib/gcc/avr/4.3.3/avr5\libgcc.a(_fpcmp_parts_sf.o)
                0x00000d7c                __fpcmp_parts_f
 .text          0x00000e2e        0x0 c:/users/salma/onedrive/desktop/embedded_systems/zipped/01- imt sdk-20230714t090256z-001/01- imt sdk/imt_sdk_win_64/winavr/bin/../lib/gcc/avr/4.3.3/avr5\libgcc.a(_clz.o)
                0x00000e2e                . = ALIGN (0x2)
 *(.text.*)
 .text.UART_voidInit
                0x00000e2e       0xd8 ./MCAL/UART/UART_Program.o
                0x00000e2e                UART_voidInit
 .text.UART_voidSendData
                0x00000f06       0x50 ./MCAL/UART/UART_Program.o
                0x00000f06                UART_voidSendData
 .text.UART_u8RecieveData
                0x00000f56       0x68 ./MCAL/UART/UART_Program.o
                0x00000f56                UART_u8RecieveData
 .text.T2_voidNormalModeInit
                0x00000fbe       0x90 ./MCAL/Timers/Timer2/T2_Program.o
                0x00000fbe                T2_voidNormalModeInit
 .text.T2_voidCallBackFuncNormalMode
                0x0000104e       0x2c ./MCAL/Timers/Timer2/T2_Program.o
                0x0000104e                T2_voidCallBackFuncNormalMode
 .text.__vector_5
                0x0000107a       0x66 ./MCAL/Timers/Timer2/T2_Program.o
                0x0000107a                __vector_5
 .text.T2_voidCTCModeInit
                0x000010e0      0x122 ./MCAL/Timers/Timer2/T2_Program.o
                0x000010e0                T2_voidCTCModeInit
 .text.T2_voidCallBackFuncCTCMode
                0x00001202       0x2c ./MCAL/Timers/Timer2/T2_Program.o
                0x00001202                T2_voidCallBackFuncCTCMode
 .text.__vector_4
                0x0000122e       0x66 ./MCAL/Timers/Timer2/T2_Program.o
                0x0000122e                __vector_4
 .text.T2_voidPWMModeInit
                0x00001294      0x1b4 ./MCAL/Timers/Timer2/T2_Program.o
                0x00001294                T2_voidPWMModeInit
 .text.T1_voidNormalModeInit
                0x00001448       0xb2 ./MCAL/Timers/Timer1/T1_Program.o
                0x00001448                T1_voidNormalModeInit
 .text.T1_voidCallBackFuncNormalMode
                0x000014fa       0x2c ./MCAL/Timers/Timer1/T1_Program.o
                0x000014fa                T1_voidCallBackFuncNormalMode
 .text.__vector_9
                0x00001526       0x66 ./MCAL/Timers/Timer1/T1_Program.o
                0x00001526                __vector_9
 .text.T1_voidCTCModeInit
                0x0000158c      0x148 ./MCAL/Timers/Timer1/T1_Program.o
                0x0000158c                T1_voidCTCModeInit
 .text.T1_voidCallBackFuncOCA
                0x000016d4       0x2c ./MCAL/Timers/Timer1/T1_Program.o
                0x000016d4                T1_voidCallBackFuncOCA
 .text.__vector_7
                0x00001700       0x66 ./MCAL/Timers/Timer1/T1_Program.o
                0x00001700                __vector_7
 .text.T1_voidCallBackFuncOCB
                0x00001766       0x2c ./MCAL/Timers/Timer1/T1_Program.o
                0x00001766                T1_voidCallBackFuncOCB
 .text.__vector_8
                0x00001792       0x66 ./MCAL/Timers/Timer1/T1_Program.o
                0x00001792                __vector_8
 .text.T1_voidFastPWMFixedTop
                0x000017f8      0x2be ./MCAL/Timers/Timer1/T1_Program.o
                0x000017f8                T1_voidFastPWMFixedTop
 .text.T1_voidFastPWMSetTop
                0x00001ab6      0x21e ./MCAL/Timers/Timer1/T1_Program.o
                0x00001ab6                T1_voidFastPWMSetTop
 .text.T1_voidFastPWMServoInit
                0x00001cd4       0x9a ./MCAL/Timers/Timer1/T1_Program.o
                0x00001cd4                T1_voidFastPWMServoInit
 .text.T1_voidFastPWMServoSetAngle
                0x00001d6e       0x24 ./MCAL/Timers/Timer1/T1_Program.o
                0x00001d6e                T1_voidFastPWMServoSetAngle
 .text.T1_voidICUInit
                0x00001d92       0x8e ./MCAL/Timers/Timer1/T1_Program.o
                0x00001d92                T1_voidICUInit
 .text.T1_voidCallBackFuncICUMode
                0x00001e20       0x2c ./MCAL/Timers/Timer1/T1_Program.o
                0x00001e20                T1_voidCallBackFuncICUMode
 .text.__vector_6
                0x00001e4c       0x66 ./MCAL/Timers/Timer1/T1_Program.o
                0x00001e4c                __vector_6
 .text.T0_voidNormalModeInit
                0x00001eb2       0x90 ./MCAL/Timers/Timer0/T0_Program.o
                0x00001eb2                T0_voidNormalModeInit
 .text.T0_voidCallBackFuncNormalMode
                0x00001f42       0x2c ./MCAL/Timers/Timer0/T0_Program.o
                0x00001f42                T0_voidCallBackFuncNormalMode
 .text.__vector_11
                0x00001f6e       0x66 ./MCAL/Timers/Timer0/T0_Program.o
                0x00001f6e                __vector_11
 .text.T0_voidCTCModeInit
                0x00001fd4      0x122 ./MCAL/Timers/Timer0/T0_Program.o
                0x00001fd4                T0_voidCTCModeInit
 .text.T0_voidCallBackFuncCTCMode
                0x000020f6       0x2c ./MCAL/Timers/Timer0/T0_Program.o
                0x000020f6                T0_voidCallBackFuncCTCMode
 .text.__vector_10
                0x00002122       0x66 ./MCAL/Timers/Timer0/T0_Program.o
                0x00002122                __vector_10
 .text.T0_voidPWMModeInit
                0x00002188      0x250 ./MCAL/Timers/Timer0/T0_Program.o
                0x00002188                T0_voidPWMModeInit
 .text.TWI_init
                0x000023d8       0x40 ./MCAL/TWI/twi.o
                0x000023d8                TWI_init
 .text.TWI_start
                0x00002418       0x20 ./MCAL/TWI/twi.o
                0x00002418                TWI_start
 .text.TWI_stop
                0x00002438       0x16 ./MCAL/TWI/twi.o
                0x00002438                TWI_stop
 .text.TWI_writeByte
                0x0000244e       0x2e ./MCAL/TWI/twi.o
                0x0000244e                TWI_writeByte
 .text.TWI_readByteWithACK
                0x0000247c       0x26 ./MCAL/TWI/twi.o
                0x0000247c                TWI_readByteWithACK
 .text.TWI_readByteWithNACK
                0x000024a2       0x26 ./MCAL/TWI/twi.o
                0x000024a2                TWI_readByteWithNACK
 .text.TWI_getStatus
                0x000024c8       0x1e ./MCAL/TWI/twi.o
                0x000024c8                TWI_getStatus
 .text.SPI_voidinit
                0x000024e6       0x8c ./MCAL/SPI/SPI_Program.o
                0x000024e6                SPI_voidinit
 .text.SPI_u8sendReceiveByte
                0x00002572       0x2c ./MCAL/SPI/SPI_Program.o
                0x00002572                SPI_u8sendReceiveByte
 .text.SPI_voidsendString
                0x0000259e       0x58 ./MCAL/SPI/SPI_Program.o
                0x0000259e                SPI_voidsendString
 .text.SPI_voidreceiveString
                0x000025f6       0x8a ./MCAL/SPI/SPI_Program.o
                0x000025f6                SPI_voidreceiveString
 .text.GIE_voidEnable
                0x00002680       0x1c ./MCAL/GIE/GIE_Program.o
                0x00002680                GIE_voidEnable
 .text.GIE_voidDisable
                0x0000269c       0x1c ./MCAL/GIE/GIE_Program.o
                0x0000269c                GIE_voidDisable
 .text.EXTI_voidInitINT0
                0x000026b8       0xb0 ./MCAL/EXTI/EXTI_Program.o
                0x000026b8                EXTI_voidInitINT0
 .text.EXTI_voidInitINT1
                0x00002768       0xb0 ./MCAL/EXTI/EXTI_Program.o
                0x00002768                EXTI_voidInitINT1
 .text.EXTI_voidInitINT2
                0x00002818       0x4c ./MCAL/EXTI/EXTI_Program.o
                0x00002818                EXTI_voidInitINT2
 .text.EXTI0_CallBack
                0x00002864       0x24 ./MCAL/EXTI/EXTI_Program.o
                0x00002864                EXTI0_CallBack
 .text.__vector_1
                0x00002888       0x66 ./MCAL/EXTI/EXTI_Program.o
                0x00002888                __vector_1
 .text.EXTI1_CallBack
                0x000028ee       0x24 ./MCAL/EXTI/EXTI_Program.o
                0x000028ee                EXTI1_CallBack
 .text.__vector_2
                0x00002912       0x66 ./MCAL/EXTI/EXTI_Program.o
                0x00002912                __vector_2
 .text.EXTI2_CallBack
                0x00002978       0x24 ./MCAL/EXTI/EXTI_Program.o
                0x00002978                EXTI2_CallBack
 .text.__vector_3
                0x0000299c       0x66 ./MCAL/EXTI/EXTI_Program.o
                0x0000299c                __vector_3
 .text.EEPROM_Write
                0x00002a02       0x6c ./MCAL/EEPROM_INTERNAL/EEPROM_Program.o
                0x00002a02                EEPROM_Write
 .text.EEPROM_Read
                0x00002a6e       0x42 ./MCAL/EEPROM_INTERNAL/EEPROM_Program.o
                0x00002a6e                EEPROM_Read
 .text.DIO_voidSetPinDir
                0x00002ab0      0x21c ./MCAL/DIO/DIO_Program.o
                0x00002ab0                DIO_voidSetPinDir
 .text.DIO_voidSetPinValue
                0x00002ccc      0x21c ./MCAL/DIO/DIO_Program.o
                0x00002ccc                DIO_voidSetPinValue
 .text.DIO_u8ReadPinValue
                0x00002ee8      0x2ec ./MCAL/DIO/DIO_Program.o
                0x00002ee8                DIO_u8ReadPinValue
 .text.DIO_voidSetPortDir
                0x000031d4       0x90 ./MCAL/DIO/DIO_Program.o
                0x000031d4                DIO_voidSetPortDir
 .text.DIO_voidSetPortValue
                0x00003264       0x90 ./MCAL/DIO/DIO_Program.o
                0x00003264                DIO_voidSetPortValue
 .text.DIO_U8ReadPortValue
                0x000032f4       0x96 ./MCAL/DIO/DIO_Program.o
                0x000032f4                DIO_U8ReadPortValue
 .text.DIO_voidControlPullupPin
                0x0000338a       0x32 ./MCAL/DIO/DIO_Program.o
                0x0000338a                DIO_voidControlPullupPin
 .text.ADC_voidInit
                0x000033bc       0x2a ./MCAL/ADC/ADC_Program.o
                0x000033bc                ADC_voidInit
 .text.ADC_voidInitPolling
                0x000033e6       0xd6 ./MCAL/ADC/ADC_Program.o
                0x000033e6                ADC_voidInitPolling
 .text.ADC_voidReadResultPolling
                0x000034bc       0x84 ./MCAL/ADC/ADC_Program.o
                0x000034bc                ADC_voidReadResultPolling
 .text.ADC_voidInitInterrupt
                0x00003540       0xde ./MCAL/ADC/ADC_Program.o
                0x00003540                ADC_voidInitInterrupt
 .text.ADC_voidReadResultInterrupt
                0x0000361e       0x46 ./MCAL/ADC/ADC_Program.o
                0x0000361e                ADC_voidReadResultInterrupt
 .text.__vector_16
                0x00003664       0x40 ./MCAL/ADC/ADC_Program.o
                0x00003664                __vector_16
 .text.WaterSensor_voidInit
                0x000036a4       0x18 ./HAL/WaterSensor/WaterSensor_Program.o
                0x000036a4                WaterSensor_voidInit
 .text.WaterSensor_voidRead
                0x000036bc       0xa2 ./HAL/WaterSensor/WaterSensor_Program.o
                0x000036bc                WaterSensor_voidRead
 .text.TouchSensor_voidInit
                0x0000375e       0x22 ./HAL/TouchSensor/TouchSensor_Program.o
                0x0000375e                TouchSensor_voidInit
 .text.TouchSensor_u8GetValue
                0x00003780       0x28 ./HAL/TouchSensor/TouchSensor_Program.o
                0x00003780                TouchSensor_u8GetValue
 .text.SWITCH_voidInit
                0x000037a8       0x2c ./HAL/Switch/Switch_Program.o
                0x000037a8                SWITCH_voidInit
 .text.SWITCH_u8GetValue
                0x000037d4       0x20 ./HAL/Switch/Switch_Program.o
                0x000037d4                SWITCH_u8GetValue
 .text.STEPPER_voidInit
                0x000037f4       0x36 ./HAL/StepperMotor/Stepper_Program.o
                0x000037f4                STEPPER_voidInit
 .text.STEPPER_voidCW
                0x0000382a      0x4f0 ./HAL/StepperMotor/Stepper_Program.o
                0x0000382a                STEPPER_voidCW
 .text.STEPPER_voidACW
                0x00003d1a      0x4cc ./HAL/StepperMotor/Stepper_Program.o
                0x00003d1a                STEPPER_voidACW
 .text.SEVSEG_voidInit
                0x000041e6       0x2e ./HAL/Seven_Segement/SevenSeg_Program.o
                0x000041e6                SEVSEG_voidInit
 .text.SEVSEG_voidSetNum
                0x00004214       0x9e ./HAL/Seven_Segement/SevenSeg_Program.o
                0x00004214                SEVSEG_voidSetNum
 .text.SEVSEG_voidOff
                0x000042b2       0x1e ./HAL/Seven_Segement/SevenSeg_Program.o
                0x000042b2                SEVSEG_voidOff
 .text.ServoMotor_voidInit
                0x000042d0       0x1c ./HAL/ServoMotor/ServoMotor_Program.o
                0x000042d0                ServoMotor_voidInit
 .text.ServoMotor_voidSetAngle
                0x000042ec       0x84 ./HAL/ServoMotor/ServoMotor_Program.o
                0x000042ec                ServoMotor_voidSetAngle
 .text.ServoMotor_voidClockWiseSlow
                0x00004370      0x1fe ./HAL/ServoMotor/ServoMotor_Program.o
                0x00004370                ServoMotor_voidClockWiseSlow
 .text.ServoMotor_voidAntiClockWiseSlow
                0x0000456e      0x1fe ./HAL/ServoMotor/ServoMotor_Program.o
                0x0000456e                ServoMotor_voidAntiClockWiseSlow
 .text.LED_voidInit
                0x0000476c       0x22 ./HAL/Led/Led_Programe.o
                0x0000476c                LED_voidInit
 .text.LED_voidOn
                0x0000478e       0x22 ./HAL/Led/Led_Programe.o
                0x0000478e                LED_voidOn
 .text.LED_voidOff
                0x000047b0       0x22 ./HAL/Led/Led_Programe.o
                0x000047b0                LED_voidOff
 .text.LED_voidToggle
                0x000047d2       0x36 ./HAL/Led/Led_Programe.o
                0x000047d2                LED_voidToggle
 .text.LCD_voidSendCommand
                0x00004808       0x44 ./HAL/Lcd/Lcd_Program.o
                0x00004808                LCD_voidSendCommand
 .text.LCD_voidSendData
                0x0000484c       0x44 ./HAL/Lcd/Lcd_Program.o
                0x0000484c                LCD_voidSendData
 .text.LCD_voidInit
                0x00004890      0x3f4 ./HAL/Lcd/Lcd_Program.o
                0x00004890                LCD_voidInit
 .text.LCD_voidSendString
                0x00004c84       0x52 ./HAL/Lcd/Lcd_Program.o
                0x00004c84                LCD_voidSendString
 .text.LCD_voidSetPos
                0x00004cd6       0x3c ./HAL/Lcd/Lcd_Program.o
                0x00004cd6                LCD_voidSetPos
 .text.LCD_voidSpecialCharacter
                0x00004d12       0x80 ./HAL/Lcd/Lcd_Program.o
                0x00004d12                LCD_voidSpecialCharacter
 .text.LCD_voidClear
                0x00004d92      0x110 ./HAL/Lcd/Lcd_Program.o
                0x00004d92                LCD_voidClear
 .text.LCD_voidSendNumber
                0x00004ea2      0x15a ./HAL/Lcd/Lcd_Program.o
                0x00004ea2                LCD_voidSendNumber
 .text.LM35_voidInit
                0x00004ffc       0x18 ./HAL/LM35/LM35_Program.o
                0x00004ffc                LM35_voidInit
 .text.LM35_voidRead
                0x00005014       0xa2 ./HAL/LM35/LM35_Program.o
                0x00005014                LM35_voidRead
 .text.LDR_voidInit
                0x000050b6       0x34 ./HAL/LDR/LDR_Program.o
                0x000050b6                LDR_voidInit
 .text.LDR_voidRead
                0x000050ea       0x60 ./HAL/LDR/LDR_Program.o
                0x000050ea                LDR_voidRead
 .text.KEYPAD_voidInit
                0x0000514a       0x1e ./HAL/Keypad/Keypad_Program.o
                0x0000514a                KEYPAD_voidInit
 .text.KEYPAD_u8GetValue1
                0x00005168       0x98 ./HAL/Keypad/Keypad_Program.o
                0x00005168                KEYPAD_u8GetValue1
 .text.KEYPAD_charGetValue2
                0x00005200       0xa6 ./HAL/Keypad/Keypad_Program.o
                0x00005200                KEYPAD_charGetValue2
 .text.GasSensor_voidAnalogInit
                0x000052a6       0x34 ./HAL/GasSensor/GasSensor_Program.o
                0x000052a6                GasSensor_voidAnalogInit
 .text.GasSensor_voidDigitalInit
                0x000052da       0x18 ./HAL/GasSensor/GasSensor_Program.o
                0x000052da                GasSensor_voidDigitalInit
 .text.GasSensor_f32ReadAnalog
                0x000052f2       0x18 ./HAL/GasSensor/GasSensor_Program.o
                0x000052f2                GasSensor_f32ReadAnalog
 .text.GasSensor_u8DigitalState
                0x0000530a       0x16 ./HAL/GasSensor/GasSensor_Program.o
                0x0000530a                GasSensor_u8DigitalState
 .text.EEPROM_writeByte
                0x00005320       0x82 ./HAL/EEPROM_EXTERNAL/external_eeprom.o
                0x00005320                EEPROM_writeByte
 .text.EEPROM_readByte
                0x000053a2       0xc0 ./HAL/EEPROM_EXTERNAL/external_eeprom.o
                0x000053a2                EEPROM_readByte
 .text.DCMotor_voidInit
                0x00005462       0x36 ./HAL/DCMotor/DCMotor_Program.o
                0x00005462                DCMotor_voidInit
 .text.DCMotor_voidOnMaxSpeed
                0x00005498       0x72 ./HAL/DCMotor/DCMotor_Program.o
                0x00005498                DCMotor_voidOnMaxSpeed
 .text.DCMotor_voidOff
                0x0000550a       0x36 ./HAL/DCMotor/DCMotor_Program.o
                0x0000550a                DCMotor_voidOff
 .text.BUZZER_voidInit
                0x00005540       0x18 ./HAL/Buzzer/Buzzer_Program.o
                0x00005540                BUZZER_voidInit
 .text.BUZZER_voidOn
                0x00005558       0x18 ./HAL/Buzzer/Buzzer_Program.o
                0x00005558                BUZZER_voidOn
 .text.BUZZER_voidOff
                0x00005570       0x18 ./HAL/Buzzer/Buzzer_Program.o
                0x00005570                BUZZER_voidOff
 .text.BUZZER_voidToggle
                0x00005588       0x24 ./HAL/Buzzer/Buzzer_Program.o
                0x00005588                BUZZER_voidToggle
 .text.BluetoothModule_voidInit
                0x000055ac       0x2e ./HAL/BluetoothModule/BluetoothModule_Program.o
                0x000055ac                BluetoothModule_voidInit
 .text.BluetoothModule_u8RecieveData
                0x000055da       0x12 ./HAL/BluetoothModule/BluetoothModule_Program.o
                0x000055da                BluetoothModule_u8RecieveData
 .text.main     0x000055ec       0x30 ./main.o
                0x000055ec                main
 .text.libgcc   0x0000561c       0x3e c:/users/salma/onedrive/desktop/embedded_systems/zipped/01- imt sdk-20230714t090256z-001/01- imt sdk/imt_sdk_win_64/winavr/bin/../lib/gcc/avr/4.3.3/avr5\libgcc.a(_mulsi3.o)
                0x0000561c                __mulsi3
 .text.libgcc   0x0000565a       0x28 c:/users/salma/onedrive/desktop/embedded_systems/zipped/01- imt sdk-20230714t090256z-001/01- imt sdk/imt_sdk_win_64/winavr/bin/../lib/gcc/avr/4.3.3/avr5\libgcc.a(_udivmodhi4.o)
                0x0000565a                __udivmodhi4
 .text.libgcc   0x00005682       0x26 c:/users/salma/onedrive/desktop/embedded_systems/zipped/01- imt sdk-20230714t090256z-001/01- imt sdk/imt_sdk_win_64/winavr/bin/../lib/gcc/avr/4.3.3/avr5\libgcc.a(_divmodhi4.o)
                0x00005682                __divmodhi4
                0x00005682                _div
 .text.libgcc   0x000056a8       0x44 c:/users/salma/onedrive/desktop/embedded_systems/zipped/01- imt sdk-20230714t090256z-001/01- imt sdk/imt_sdk_win_64/winavr/bin/../lib/gcc/avr/4.3.3/avr5\libgcc.a(_udivmodsi4.o)
                0x000056a8                __udivmodsi4
 .text.libgcc   0x000056ec       0x36 c:/users/salma/onedrive/desktop/embedded_systems/zipped/01- imt sdk-20230714t090256z-001/01- imt sdk/imt_sdk_win_64/winavr/bin/../lib/gcc/avr/4.3.3/avr5\libgcc.a(_divmodsi4.o)
                0x000056ec                __divmodsi4
 .text.libgcc   0x00005722        0x0 c:/users/salma/onedrive/desktop/embedded_systems/zipped/01- imt sdk-20230714t090256z-001/01- imt sdk/imt_sdk_win_64/winavr/bin/../lib/gcc/avr/4.3.3/avr5\libgcc.a(_exit.o)
 .text.libgcc   0x00005722        0x0 c:/users/salma/onedrive/desktop/embedded_systems/zipped/01- imt sdk-20230714t090256z-001/01- imt sdk/imt_sdk_win_64/winavr/bin/../lib/gcc/avr/4.3.3/avr5\libgcc.a(_copy_data.o)
 .text.libgcc   0x00005722        0x0 c:/users/salma/onedrive/desktop/embedded_systems/zipped/01- imt sdk-20230714t090256z-001/01- imt sdk/imt_sdk_win_64/winavr/bin/../lib/gcc/avr/4.3.3/avr5\libgcc.a(_clear_bss.o)
 .text.libgcc   0x00005722       0x38 c:/users/salma/onedrive/desktop/embedded_systems/zipped/01- imt sdk-20230714t090256z-001/01- imt sdk/imt_sdk_win_64/winavr/bin/../lib/gcc/avr/4.3.3/avr5\libgcc.a(_prologue.o)
                0x00005722                __prologue_saves__
 .text.libgcc   0x0000575a       0x36 c:/users/salma/onedrive/desktop/embedded_systems/zipped/01- imt sdk-20230714t090256z-001/01- imt sdk/imt_sdk_win_64/winavr/bin/../lib/gcc/avr/4.3.3/avr5\libgcc.a(_epilogue.o)
                0x0000575a                __epilogue_restores__
                0x00005790                . = ALIGN (0x2)
 *(.fini9)
 .fini9         0x00005790        0x0 c:/users/salma/onedrive/desktop/embedded_systems/zipped/01- imt sdk-20230714t090256z-001/01- imt sdk/imt_sdk_win_64/winavr/bin/../lib/gcc/avr/4.3.3/avr5\libgcc.a(_exit.o)
                0x00005790                exit
                0x00005790                _exit
 *(.fini9)
 *(.fini8)
 *(.fini8)
 *(.fini7)
 *(.fini7)
 *(.fini6)
 *(.fini6)
 *(.fini5)
 *(.fini5)
 *(.fini4)
 *(.fini4)
 *(.fini3)
 *(.fini3)
 *(.fini2)
 *(.fini2)
 *(.fini1)
 *(.fini1)
 *(.fini0)
 .fini0         0x00005790        0x4 c:/users/salma/onedrive/desktop/embedded_systems/zipped/01- imt sdk-20230714t090256z-001/01- imt sdk/imt_sdk_win_64/winavr/bin/../lib/gcc/avr/4.3.3/avr5\libgcc.a(_exit.o)
 *(.fini0)
                0x00005794                _etext = .

.data           0x00800060      0x132 load address 0x00005794
                0x00800060                PROVIDE (__data_start, .)
 *(.data)
 .data          0x00800060        0x0 c:/users/salma/onedrive/desktop/embedded_systems/zipped/01- imt sdk-20230714t090256z-001/01- imt sdk/imt_sdk_win_64/winavr/bin/../lib/gcc/avr/4.3.3/../../../../avr/lib/avr5/crtm32.o
 .data          0x00800060        0x0 ./MCAL/UART/UART_Program.o
 .data          0x00800060        0x0 ./MCAL/Timers/Timer2/T2_Program.o
 .data          0x00800060        0x0 ./MCAL/Timers/Timer1/T1_Program.o
 .data          0x00800060        0x0 ./MCAL/Timers/Timer0/T0_Program.o
 .data          0x00800060        0x0 ./MCAL/TWI/twi.o
 .data          0x00800060        0x0 ./MCAL/SPI/SPI_Program.o
 .data          0x00800060        0x0 ./MCAL/GIE/GIE_Program.o
 .data          0x00800060        0x0 ./MCAL/EXTI/EXTI_Program.o
 .data          0x00800060        0x0 ./MCAL/EEPROM_INTERNAL/EEPROM_Program.o
 .data          0x00800060        0x0 ./MCAL/DIO/DIO_Program.o
 .data          0x00800060        0x0 ./MCAL/ADC/ADC_Program.o
 .data          0x00800060        0x0 ./HAL/WaterSensor/WaterSensor_Program.o
 .data          0x00800060        0x0 ./HAL/TouchSensor/TouchSensor_Program.o
 .data          0x00800060        0x0 ./HAL/Switch/Switch_Program.o
 .data          0x00800060        0x0 ./HAL/StepperMotor/Stepper_Program.o
 .data          0x00800060        0x0 ./HAL/Seven_Segement/SevenSeg_Program.o
 .data          0x00800060        0x0 ./HAL/ServoMotor/ServoMotor_Program.o
 .data          0x00800060        0x0 ./HAL/Led/Led_Programe.o
 .data          0x00800060        0x0 ./HAL/Lcd/Lcd_Program.o
 .data          0x00800060        0x0 ./HAL/LM35/LM35_Program.o
 .data          0x00800060        0x0 ./HAL/LDR/LDR_Program.o
 .data          0x00800060        0x0 ./HAL/Keypad/Keypad_Program.o
 .data          0x00800060        0x0 ./HAL/GasSensor/GasSensor_Program.o
 .data          0x00800060        0x0 ./HAL/EEPROM_EXTERNAL/external_eeprom.o
 .data          0x00800060        0x0 ./HAL/DCMotor/DCMotor_Program.o
 .data          0x00800060        0x0 ./HAL/Buzzer/Buzzer_Program.o
 .data          0x00800060        0x0 ./HAL/BluetoothModule/BluetoothModule_Program.o
 .data          0x00800060        0x0 ./main.o
 .data          0x00800060        0x0 c:/users/salma/onedrive/desktop/embedded_systems/zipped/01- imt sdk-20230714t090256z-001/01- imt sdk/imt_sdk_win_64/winavr/bin/../lib/gcc/avr/4.3.3/avr5\libgcc.a(_mulsi3.o)
 .data          0x00800060        0x0 c:/users/salma/onedrive/desktop/embedded_systems/zipped/01- imt sdk-20230714t090256z-001/01- imt sdk/imt_sdk_win_64/winavr/bin/../lib/gcc/avr/4.3.3/avr5\libgcc.a(_udivmodhi4.o)
 .data          0x00800060        0x0 c:/users/salma/onedrive/desktop/embedded_systems/zipped/01- imt sdk-20230714t090256z-001/01- imt sdk/imt_sdk_win_64/winavr/bin/../lib/gcc/avr/4.3.3/avr5\libgcc.a(_divmodhi4.o)
 .data          0x00800060        0x0 c:/users/salma/onedrive/desktop/embedded_systems/zipped/01- imt sdk-20230714t090256z-001/01- imt sdk/imt_sdk_win_64/winavr/bin/../lib/gcc/avr/4.3.3/avr5\libgcc.a(_udivmodsi4.o)
 .data          0x00800060        0x0 c:/users/salma/onedrive/desktop/embedded_systems/zipped/01- imt sdk-20230714t090256z-001/01- imt sdk/imt_sdk_win_64/winavr/bin/../lib/gcc/avr/4.3.3/avr5\libgcc.a(_divmodsi4.o)
 .data          0x00800060        0x0 c:/users/salma/onedrive/desktop/embedded_systems/zipped/01- imt sdk-20230714t090256z-001/01- imt sdk/imt_sdk_win_64/winavr/bin/../lib/gcc/avr/4.3.3/avr5\libgcc.a(_exit.o)
 .data          0x00800060        0x0 c:/users/salma/onedrive/desktop/embedded_systems/zipped/01- imt sdk-20230714t090256z-001/01- imt sdk/imt_sdk_win_64/winavr/bin/../lib/gcc/avr/4.3.3/avr5\libgcc.a(_copy_data.o)
 .data          0x00800060        0x0 c:/users/salma/onedrive/desktop/embedded_systems/zipped/01- imt sdk-20230714t090256z-001/01- imt sdk/imt_sdk_win_64/winavr/bin/../lib/gcc/avr/4.3.3/avr5\libgcc.a(_clear_bss.o)
 .data          0x00800060        0x0 c:/users/salma/onedrive/desktop/embedded_systems/zipped/01- imt sdk-20230714t090256z-001/01- imt sdk/imt_sdk_win_64/winavr/bin/../lib/gcc/avr/4.3.3/avr5\libgcc.a(_fixunssfsi.o)
 .data          0x00800060        0x0 c:/users/salma/onedrive/desktop/embedded_systems/zipped/01- imt sdk-20230714t090256z-001/01- imt sdk/imt_sdk_win_64/winavr/bin/../lib/gcc/avr/4.3.3/avr5\libgcc.a(_addsub_sf.o)
 .data          0x00800060        0x0 c:/users/salma/onedrive/desktop/embedded_systems/zipped/01- imt sdk-20230714t090256z-001/01- imt sdk/imt_sdk_win_64/winavr/bin/../lib/gcc/avr/4.3.3/avr5\libgcc.a(_mul_sf.o)
 .data          0x00800060        0x0 c:/users/salma/onedrive/desktop/embedded_systems/zipped/01- imt sdk-20230714t090256z-001/01- imt sdk/imt_sdk_win_64/winavr/bin/../lib/gcc/avr/4.3.3/avr5\libgcc.a(_div_sf.o)
 .data          0x00800060        0x0 c:/users/salma/onedrive/desktop/embedded_systems/zipped/01- imt sdk-20230714t090256z-001/01- imt sdk/imt_sdk_win_64/winavr/bin/../lib/gcc/avr/4.3.3/avr5\libgcc.a(_gt_sf.o)
 .data          0x00800060        0x0 c:/users/salma/onedrive/desktop/embedded_systems/zipped/01- imt sdk-20230714t090256z-001/01- imt sdk/imt_sdk_win_64/winavr/bin/../lib/gcc/avr/4.3.3/avr5\libgcc.a(_ge_sf.o)
 .data          0x00800060        0x0 c:/users/salma/onedrive/desktop/embedded_systems/zipped/01- imt sdk-20230714t090256z-001/01- imt sdk/imt_sdk_win_64/winavr/bin/../lib/gcc/avr/4.3.3/avr5\libgcc.a(_lt_sf.o)
 .data          0x00800060        0x0 c:/users/salma/onedrive/desktop/embedded_systems/zipped/01- imt sdk-20230714t090256z-001/01- imt sdk/imt_sdk_win_64/winavr/bin/../lib/gcc/avr/4.3.3/avr5\libgcc.a(_sf_to_si.o)
 .data          0x00800060        0x8 c:/users/salma/onedrive/desktop/embedded_systems/zipped/01- imt sdk-20230714t090256z-001/01- imt sdk/imt_sdk_win_64/winavr/bin/../lib/gcc/avr/4.3.3/avr5\libgcc.a(_thenan_sf.o)
                0x00800060                __thenan_sf
 .data          0x00800068        0x0 c:/users/salma/onedrive/desktop/embedded_systems/zipped/01- imt sdk-20230714t090256z-001/01- imt sdk/imt_sdk_win_64/winavr/bin/../lib/gcc/avr/4.3.3/avr5\libgcc.a(_usi_to_sf.o)
 .data          0x00800068        0x0 c:/users/salma/onedrive/desktop/embedded_systems/zipped/01- imt sdk-20230714t090256z-001/01- imt sdk/imt_sdk_win_64/winavr/bin/../lib/gcc/avr/4.3.3/avr5\libgcc.a(_prologue.o)
 .data          0x00800068        0x0 c:/users/salma/onedrive/desktop/embedded_systems/zipped/01- imt sdk-20230714t090256z-001/01- imt sdk/imt_sdk_win_64/winavr/bin/../lib/gcc/avr/4.3.3/avr5\libgcc.a(_epilogue.o)
 .data          0x00800068        0x0 c:/users/salma/onedrive/desktop/embedded_systems/zipped/01- imt sdk-20230714t090256z-001/01- imt sdk/imt_sdk_win_64/winavr/bin/../lib/gcc/avr/4.3.3/avr5\libgcc.a(_clzsi2.o)
 .data          0x00800068        0x0 c:/users/salma/onedrive/desktop/embedded_systems/zipped/01- imt sdk-20230714t090256z-001/01- imt sdk/imt_sdk_win_64/winavr/bin/../lib/gcc/avr/4.3.3/avr5\libgcc.a(_pack_sf.o)
 .data          0x00800068        0x0 c:/users/salma/onedrive/desktop/embedded_systems/zipped/01- imt sdk-20230714t090256z-001/01- imt sdk/imt_sdk_win_64/winavr/bin/../lib/gcc/avr/4.3.3/avr5\libgcc.a(_unpack_sf.o)
 .data          0x00800068        0x0 c:/users/salma/onedrive/desktop/embedded_systems/zipped/01- imt sdk-20230714t090256z-001/01- imt sdk/imt_sdk_win_64/winavr/bin/../lib/gcc/avr/4.3.3/avr5\libgcc.a(_fpcmp_parts_sf.o)
 .data          0x00800068      0x100 c:/users/salma/onedrive/desktop/embedded_systems/zipped/01- imt sdk-20230714t090256z-001/01- imt sdk/imt_sdk_win_64/winavr/bin/../lib/gcc/avr/4.3.3/avr5\libgcc.a(_clz.o)
                0x00800068                __clz_tab
 *(.data*)
 .data.SevSegValue
                0x00800168        0xa ./HAL/Seven_Segement/SevenSeg_Program.o
                0x00800168                SevSegValue
 .data.keypad_value1
                0x00800172       0x10 ./HAL/Keypad/Keypad_Program.o
                0x00800172                keypad_value1
 .data.keypad_value2
                0x00800182       0x10 ./HAL/Keypad/Keypad_Program.o
                0x00800182                keypad_value2
 *(.rodata)
 *(.rodata*)
 *(.gnu.linkonce.d*)
                0x00800192                . = ALIGN (0x2)
                0x00800192                _edata = .
                0x00800192                PROVIDE (__data_end, .)

.bss            0x00800192       0x18
                0x00800192                PROVIDE (__bss_start, .)
 *(.bss)
 .bss           0x00800192        0x0 c:/users/salma/onedrive/desktop/embedded_systems/zipped/01- imt sdk-20230714t090256z-001/01- imt sdk/imt_sdk_win_64/winavr/bin/../lib/gcc/avr/4.3.3/../../../../avr/lib/avr5/crtm32.o
 .bss           0x00800192        0x0 ./MCAL/UART/UART_Program.o
 .bss           0x00800192        0x0 ./MCAL/Timers/Timer2/T2_Program.o
 .bss           0x00800192        0x0 ./MCAL/Timers/Timer1/T1_Program.o
 .bss           0x00800192        0x0 ./MCAL/Timers/Timer0/T0_Program.o
 .bss           0x00800192        0x0 ./MCAL/TWI/twi.o
 .bss           0x00800192        0x0 ./MCAL/SPI/SPI_Program.o
 .bss           0x00800192        0x0 ./MCAL/GIE/GIE_Program.o
 .bss           0x00800192        0x0 ./MCAL/EXTI/EXTI_Program.o
 .bss           0x00800192        0x0 ./MCAL/EEPROM_INTERNAL/EEPROM_Program.o
 .bss           0x00800192        0x0 ./MCAL/DIO/DIO_Program.o
 .bss           0x00800192        0x0 ./MCAL/ADC/ADC_Program.o
 .bss           0x00800192        0x0 ./HAL/WaterSensor/WaterSensor_Program.o
 .bss           0x00800192        0x0 ./HAL/TouchSensor/TouchSensor_Program.o
 .bss           0x00800192        0x0 ./HAL/Switch/Switch_Program.o
 .bss           0x00800192        0x0 ./HAL/StepperMotor/Stepper_Program.o
 .bss           0x00800192        0x0 ./HAL/Seven_Segement/SevenSeg_Program.o
 .bss           0x00800192        0x0 ./HAL/ServoMotor/ServoMotor_Program.o
 .bss           0x00800192        0x0 ./HAL/Led/Led_Programe.o
 .bss           0x00800192        0x0 ./HAL/Lcd/Lcd_Program.o
 .bss           0x00800192        0x0 ./HAL/LM35/LM35_Program.o
 .bss           0x00800192        0x0 ./HAL/LDR/LDR_Program.o
 .bss           0x00800192        0x0 ./HAL/Keypad/Keypad_Program.o
 .bss           0x00800192        0x0 ./HAL/GasSensor/GasSensor_Program.o
 .bss           0x00800192        0x0 ./HAL/EEPROM_EXTERNAL/external_eeprom.o
 .bss           0x00800192        0x0 ./HAL/DCMotor/DCMotor_Program.o
 .bss           0x00800192        0x0 ./HAL/Buzzer/Buzzer_Program.o
 .bss           0x00800192        0x0 ./HAL/BluetoothModule/BluetoothModule_Program.o
 .bss           0x00800192        0x0 ./main.o
 .bss           0x00800192        0x0 c:/users/salma/onedrive/desktop/embedded_systems/zipped/01- imt sdk-20230714t090256z-001/01- imt sdk/imt_sdk_win_64/winavr/bin/../lib/gcc/avr/4.3.3/avr5\libgcc.a(_mulsi3.o)
 .bss           0x00800192        0x0 c:/users/salma/onedrive/desktop/embedded_systems/zipped/01- imt sdk-20230714t090256z-001/01- imt sdk/imt_sdk_win_64/winavr/bin/../lib/gcc/avr/4.3.3/avr5\libgcc.a(_udivmodhi4.o)
 .bss           0x00800192        0x0 c:/users/salma/onedrive/desktop/embedded_systems/zipped/01- imt sdk-20230714t090256z-001/01- imt sdk/imt_sdk_win_64/winavr/bin/../lib/gcc/avr/4.3.3/avr5\libgcc.a(_divmodhi4.o)
 .bss           0x00800192        0x0 c:/users/salma/onedrive/desktop/embedded_systems/zipped/01- imt sdk-20230714t090256z-001/01- imt sdk/imt_sdk_win_64/winavr/bin/../lib/gcc/avr/4.3.3/avr5\libgcc.a(_udivmodsi4.o)
 .bss           0x00800192        0x0 c:/users/salma/onedrive/desktop/embedded_systems/zipped/01- imt sdk-20230714t090256z-001/01- imt sdk/imt_sdk_win_64/winavr/bin/../lib/gcc/avr/4.3.3/avr5\libgcc.a(_divmodsi4.o)
 .bss           0x00800192        0x0 c:/users/salma/onedrive/desktop/embedded_systems/zipped/01- imt sdk-20230714t090256z-001/01- imt sdk/imt_sdk_win_64/winavr/bin/../lib/gcc/avr/4.3.3/avr5\libgcc.a(_exit.o)
 .bss           0x00800192        0x0 c:/users/salma/onedrive/desktop/embedded_systems/zipped/01- imt sdk-20230714t090256z-001/01- imt sdk/imt_sdk_win_64/winavr/bin/../lib/gcc/avr/4.3.3/avr5\libgcc.a(_copy_data.o)
 .bss           0x00800192        0x0 c:/users/salma/onedrive/desktop/embedded_systems/zipped/01- imt sdk-20230714t090256z-001/01- imt sdk/imt_sdk_win_64/winavr/bin/../lib/gcc/avr/4.3.3/avr5\libgcc.a(_clear_bss.o)
 .bss           0x00800192        0x0 c:/users/salma/onedrive/desktop/embedded_systems/zipped/01- imt sdk-20230714t090256z-001/01- imt sdk/imt_sdk_win_64/winavr/bin/../lib/gcc/avr/4.3.3/avr5\libgcc.a(_fixunssfsi.o)
 .bss           0x00800192        0x0 c:/users/salma/onedrive/desktop/embedded_systems/zipped/01- imt sdk-20230714t090256z-001/01- imt sdk/imt_sdk_win_64/winavr/bin/../lib/gcc/avr/4.3.3/avr5\libgcc.a(_addsub_sf.o)
 .bss           0x00800192        0x0 c:/users/salma/onedrive/desktop/embedded_systems/zipped/01- imt sdk-20230714t090256z-001/01- imt sdk/imt_sdk_win_64/winavr/bin/../lib/gcc/avr/4.3.3/avr5\libgcc.a(_mul_sf.o)
 .bss           0x00800192        0x0 c:/users/salma/onedrive/desktop/embedded_systems/zipped/01- imt sdk-20230714t090256z-001/01- imt sdk/imt_sdk_win_64/winavr/bin/../lib/gcc/avr/4.3.3/avr5\libgcc.a(_div_sf.o)
 .bss           0x00800192        0x0 c:/users/salma/onedrive/desktop/embedded_systems/zipped/01- imt sdk-20230714t090256z-001/01- imt sdk/imt_sdk_win_64/winavr/bin/../lib/gcc/avr/4.3.3/avr5\libgcc.a(_gt_sf.o)
 .bss           0x00800192        0x0 c:/users/salma/onedrive/desktop/embedded_systems/zipped/01- imt sdk-20230714t090256z-001/01- imt sdk/imt_sdk_win_64/winavr/bin/../lib/gcc/avr/4.3.3/avr5\libgcc.a(_ge_sf.o)
 .bss           0x00800192        0x0 c:/users/salma/onedrive/desktop/embedded_systems/zipped/01- imt sdk-20230714t090256z-001/01- imt sdk/imt_sdk_win_64/winavr/bin/../lib/gcc/avr/4.3.3/avr5\libgcc.a(_lt_sf.o)
 .bss           0x00800192        0x0 c:/users/salma/onedrive/desktop/embedded_systems/zipped/01- imt sdk-20230714t090256z-001/01- imt sdk/imt_sdk_win_64/winavr/bin/../lib/gcc/avr/4.3.3/avr5\libgcc.a(_sf_to_si.o)
 .bss           0x00800192        0x0 c:/users/salma/onedrive/desktop/embedded_systems/zipped/01- imt sdk-20230714t090256z-001/01- imt sdk/imt_sdk_win_64/winavr/bin/../lib/gcc/avr/4.3.3/avr5\libgcc.a(_thenan_sf.o)
 .bss           0x00800192        0x0 c:/users/salma/onedrive/desktop/embedded_systems/zipped/01- imt sdk-20230714t090256z-001/01- imt sdk/imt_sdk_win_64/winavr/bin/../lib/gcc/avr/4.3.3/avr5\libgcc.a(_usi_to_sf.o)
 .bss           0x00800192        0x0 c:/users/salma/onedrive/desktop/embedded_systems/zipped/01- imt sdk-20230714t090256z-001/01- imt sdk/imt_sdk_win_64/winavr/bin/../lib/gcc/avr/4.3.3/avr5\libgcc.a(_prologue.o)
 .bss           0x00800192        0x0 c:/users/salma/onedrive/desktop/embedded_systems/zipped/01- imt sdk-20230714t090256z-001/01- imt sdk/imt_sdk_win_64/winavr/bin/../lib/gcc/avr/4.3.3/avr5\libgcc.a(_epilogue.o)
 .bss           0x00800192        0x0 c:/users/salma/onedrive/desktop/embedded_systems/zipped/01- imt sdk-20230714t090256z-001/01- imt sdk/imt_sdk_win_64/winavr/bin/../lib/gcc/avr/4.3.3/avr5\libgcc.a(_clzsi2.o)
 .bss           0x00800192        0x0 c:/users/salma/onedrive/desktop/embedded_systems/zipped/01- imt sdk-20230714t090256z-001/01- imt sdk/imt_sdk_win_64/winavr/bin/../lib/gcc/avr/4.3.3/avr5\libgcc.a(_pack_sf.o)
 .bss           0x00800192        0x0 c:/users/salma/onedrive/desktop/embedded_systems/zipped/01- imt sdk-20230714t090256z-001/01- imt sdk/imt_sdk_win_64/winavr/bin/../lib/gcc/avr/4.3.3/avr5\libgcc.a(_unpack_sf.o)
 .bss           0x00800192        0x0 c:/users/salma/onedrive/desktop/embedded_systems/zipped/01- imt sdk-20230714t090256z-001/01- imt sdk/imt_sdk_win_64/winavr/bin/../lib/gcc/avr/4.3.3/avr5\libgcc.a(_fpcmp_parts_sf.o)
 .bss           0x00800192        0x0 c:/users/salma/onedrive/desktop/embedded_systems/zipped/01- imt sdk-20230714t090256z-001/01- imt sdk/imt_sdk_win_64/winavr/bin/../lib/gcc/avr/4.3.3/avr5\libgcc.a(_clz.o)
 *(.bss*)
 .bss.GlobalOVPF
                0x00800192        0x2 ./MCAL/Timers/Timer2/T2_Program.o
 .bss.GlobalCTCPF
                0x00800194        0x2 ./MCAL/Timers/Timer2/T2_Program.o
 .bss.GlobalICUPf
                0x00800196        0x2 ./MCAL/Timers/Timer1/T1_Program.o
 .bss.GlobalOVPf
                0x00800198        0x2 ./MCAL/Timers/Timer1/T1_Program.o
 .bss.GlobalOCAPf
                0x0080019a        0x2 ./MCAL/Timers/Timer1/T1_Program.o
 .bss.GlobalOCBPf
                0x0080019c        0x2 ./MCAL/Timers/Timer1/T1_Program.o
 .bss.GlobalOVPF
                0x0080019e        0x2 ./MCAL/Timers/Timer0/T0_Program.o
 .bss.GlobalCTCPF
                0x008001a0        0x2 ./MCAL/Timers/Timer0/T0_Program.o
 .bss.InterruptData
                0x008001a2        0x2 ./MCAL/ADC/ADC_Program.o
 *(COMMON)
 COMMON         0x008001a4        0x6 ./MCAL/EXTI/EXTI_Program.o
                0x008001a4                EXTI2_ISR
                0x008001a6                EXTI1_ISR
                0x008001a8                EXTI0_ISR
                0x008001aa                PROVIDE (__bss_end, .)
                0x00005794                __data_load_start = LOADADDR (.data)
                0x000058c6                __data_load_end = (__data_load_start + SIZEOF (.data))

.noinit         0x008001aa        0x0
                0x008001aa                PROVIDE (__noinit_start, .)
 *(.noinit*)
                0x008001aa                PROVIDE (__noinit_end, .)
                0x008001aa                _end = .
                0x008001aa                PROVIDE (__heap_start, .)

.eeprom         0x00810000        0x0
 *(.eeprom*)
                0x00810000                __eeprom_end = .

.fuse
 *(.fuse)
 *(.lfuse)
 *(.hfuse)
 *(.efuse)

.lock
 *(.lock*)

.signature
 *(.signature*)

.stab           0x00000000     0x8ee0
 *(.stab)
 .stab          0x00000000      0x450 ./MCAL/UART/UART_Program.o
 .stab          0x00000450      0x768 ./MCAL/Timers/Timer2/T2_Program.o
                                0x774 (size before relaxing)
 .stab          0x00000bb8      0xc84 ./MCAL/Timers/Timer1/T1_Program.o
                                0xc90 (size before relaxing)
 .stab          0x0000183c      0x750 ./MCAL/Timers/Timer0/T0_Program.o
                                0x75c (size before relaxing)
 .stab          0x00001f8c      0x450 ./MCAL/TWI/twi.o
                                0x45c (size before relaxing)
 .stab          0x000023dc      0x45c ./MCAL/SPI/SPI_Program.o
                                0x468 (size before relaxing)
 .stab          0x00002838      0x2a0 ./MCAL/GIE/GIE_Program.o
                                0x2ac (size before relaxing)
 .stab          0x00002ad8      0x5e8 ./MCAL/EXTI/EXTI_Program.o
                                0x5f4 (size before relaxing)
 .stab          0x000030c0      0x30c ./MCAL/EEPROM_INTERNAL/EEPROM_Program.o
                                0x318 (size before relaxing)
 .stab          0x000033cc      0x72c ./MCAL/DIO/DIO_Program.o
                                0x738 (size before relaxing)
 .stab          0x00003af8      0x5f4 ./MCAL/ADC/ADC_Program.o
                                0x600 (size before relaxing)
 .stab          0x000040ec      0x330 ./HAL/WaterSensor/WaterSensor_Program.o
                                0x33c (size before relaxing)
 .stab          0x0000441c      0x330 ./HAL/TouchSensor/TouchSensor_Program.o
                                0x33c (size before relaxing)
 .stab          0x0000474c      0x30c ./HAL/Switch/Switch_Program.o
                                0x318 (size before relaxing)
 .stab          0x00004a58      0xccc ./HAL/StepperMotor/Stepper_Program.o
                                0xcd8 (size before relaxing)
 .stab          0x00005724      0x3c0 ./HAL/Seven_Segement/SevenSeg_Program.o
                                0x3cc (size before relaxing)
 .stab          0x00005ae4      0x654 ./HAL/ServoMotor/ServoMotor_Program.o
                                0x7ec (size before relaxing)
 .stab          0x00006138      0x3cc ./HAL/Led/Led_Programe.o
                                0x564 (size before relaxing)
 .stab          0x00006504      0xae0 ./HAL/Lcd/Lcd_Program.o
                                0xc78 (size before relaxing)
 .stab          0x00006fe4      0x354 ./HAL/LM35/LM35_Program.o
                                0x4ec (size before relaxing)
 .stab          0x00007338      0x378 ./HAL/LDR/LDR_Program.o
                                0x384 (size before relaxing)
 .stab          0x000076b0      0x450 ./HAL/Keypad/Keypad_Program.o
                                0x45c (size before relaxing)
 .stab          0x00007b00      0x3c0 ./HAL/GasSensor/GasSensor_Program.o
                                0x3cc (size before relaxing)
 .stab          0x00007ec0      0x468 ./HAL/EEPROM_EXTERNAL/external_eeprom.o
                                0x474 (size before relaxing)
 .stab          0x00008328      0x3c0 ./HAL/DCMotor/DCMotor_Program.o
                                0x3cc (size before relaxing)
 .stab          0x000086e8      0x36c ./HAL/Buzzer/Buzzer_Program.o
                                0x504 (size before relaxing)
 .stab          0x00008a54      0x2b8 ./HAL/BluetoothModule/BluetoothModule_Program.o
                                0x2c4 (size before relaxing)
 .stab          0x00008d0c      0x1d4 ./main.o
                                0x4bc (size before relaxing)

.stabstr        0x00000000     0x40b2
 *(.stabstr)
 .stabstr       0x00000000     0x40b2 ./MCAL/UART/UART_Program.o

.stab.excl
 *(.stab.excl)

.stab.exclstr
 *(.stab.exclstr)

.stab.index
 *(.stab.index)

.stab.indexstr
 *(.stab.indexstr)

.comment
 *(.comment)

.debug
 *(.debug)

.line
 *(.line)

.debug_srcinfo
 *(.debug_srcinfo)

.debug_sfnames
 *(.debug_sfnames)

.debug_aranges  0x00000000      0x1a0
 *(.debug_aranges)
 .debug_aranges
                0x00000000       0x20 c:/users/salma/onedrive/desktop/embedded_systems/zipped/01- imt sdk-20230714t090256z-001/01- imt sdk/imt_sdk_win_64/winavr/bin/../lib/gcc/avr/4.3.3/avr5\libgcc.a(_fixunssfsi.o)
 .debug_aranges
                0x00000020       0x20 c:/users/salma/onedrive/desktop/embedded_systems/zipped/01- imt sdk-20230714t090256z-001/01- imt sdk/imt_sdk_win_64/winavr/bin/../lib/gcc/avr/4.3.3/avr5\libgcc.a(_addsub_sf.o)
 .debug_aranges
                0x00000040       0x20 c:/users/salma/onedrive/desktop/embedded_systems/zipped/01- imt sdk-20230714t090256z-001/01- imt sdk/imt_sdk_win_64/winavr/bin/../lib/gcc/avr/4.3.3/avr5\libgcc.a(_mul_sf.o)
 .debug_aranges
                0x00000060       0x20 c:/users/salma/onedrive/desktop/embedded_systems/zipped/01- imt sdk-20230714t090256z-001/01- imt sdk/imt_sdk_win_64/winavr/bin/../lib/gcc/avr/4.3.3/avr5\libgcc.a(_div_sf.o)
 .debug_aranges
                0x00000080       0x20 c:/users/salma/onedrive/desktop/embedded_systems/zipped/01- imt sdk-20230714t090256z-001/01- imt sdk/imt_sdk_win_64/winavr/bin/../lib/gcc/avr/4.3.3/avr5\libgcc.a(_gt_sf.o)
 .debug_aranges
                0x000000a0       0x20 c:/users/salma/onedrive/desktop/embedded_systems/zipped/01- imt sdk-20230714t090256z-001/01- imt sdk/imt_sdk_win_64/winavr/bin/../lib/gcc/avr/4.3.3/avr5\libgcc.a(_ge_sf.o)
 .debug_aranges
                0x000000c0       0x20 c:/users/salma/onedrive/desktop/embedded_systems/zipped/01- imt sdk-20230714t090256z-001/01- imt sdk/imt_sdk_win_64/winavr/bin/../lib/gcc/avr/4.3.3/avr5\libgcc.a(_lt_sf.o)
 .debug_aranges
                0x000000e0       0x20 c:/users/salma/onedrive/desktop/embedded_systems/zipped/01- imt sdk-20230714t090256z-001/01- imt sdk/imt_sdk_win_64/winavr/bin/../lib/gcc/avr/4.3.3/avr5\libgcc.a(_sf_to_si.o)
 .debug_aranges
                0x00000100       0x20 c:/users/salma/onedrive/desktop/embedded_systems/zipped/01- imt sdk-20230714t090256z-001/01- imt sdk/imt_sdk_win_64/winavr/bin/../lib/gcc/avr/4.3.3/avr5\libgcc.a(_usi_to_sf.o)
 .debug_aranges
                0x00000120       0x20 c:/users/salma/onedrive/desktop/embedded_systems/zipped/01- imt sdk-20230714t090256z-001/01- imt sdk/imt_sdk_win_64/winavr/bin/../lib/gcc/avr/4.3.3/avr5\libgcc.a(_clzsi2.o)
 .debug_aranges
                0x00000140       0x20 c:/users/salma/onedrive/desktop/embedded_systems/zipped/01- imt sdk-20230714t090256z-001/01- imt sdk/imt_sdk_win_64/winavr/bin/../lib/gcc/avr/4.3.3/avr5\libgcc.a(_pack_sf.o)
 .debug_aranges
                0x00000160       0x20 c:/users/salma/onedrive/desktop/embedded_systems/zipped/01- imt sdk-20230714t090256z-001/01- imt sdk/imt_sdk_win_64/winavr/bin/../lib/gcc/avr/4.3.3/avr5\libgcc.a(_unpack_sf.o)
 .debug_aranges
                0x00000180       0x20 c:/users/salma/onedrive/desktop/embedded_systems/zipped/01- imt sdk-20230714t090256z-001/01- imt sdk/imt_sdk_win_64/winavr/bin/../lib/gcc/avr/4.3.3/avr5\libgcc.a(_fpcmp_parts_sf.o)

.debug_pubnames
                0x00000000      0x1f2
 *(.debug_pubnames)
 .debug_pubnames
                0x00000000       0x23 c:/users/salma/onedrive/desktop/embedded_systems/zipped/01- imt sdk-20230714t090256z-001/01- imt sdk/imt_sdk_win_64/winavr/bin/../lib/gcc/avr/4.3.3/avr5\libgcc.a(_fixunssfsi.o)
 .debug_pubnames
                0x00000023       0x2c c:/users/salma/onedrive/desktop/embedded_systems/zipped/01- imt sdk-20230714t090256z-001/01- imt sdk/imt_sdk_win_64/winavr/bin/../lib/gcc/avr/4.3.3/avr5\libgcc.a(_addsub_sf.o)
 .debug_pubnames
                0x0000004f       0x1f c:/users/salma/onedrive/desktop/embedded_systems/zipped/01- imt sdk-20230714t090256z-001/01- imt sdk/imt_sdk_win_64/winavr/bin/../lib/gcc/avr/4.3.3/avr5\libgcc.a(_mul_sf.o)
 .debug_pubnames
                0x0000006e       0x1f c:/users/salma/onedrive/desktop/embedded_systems/zipped/01- imt sdk-20230714t090256z-001/01- imt sdk/imt_sdk_win_64/winavr/bin/../lib/gcc/avr/4.3.3/avr5\libgcc.a(_div_sf.o)
 .debug_pubnames
                0x0000008d       0x1e c:/users/salma/onedrive/desktop/embedded_systems/zipped/01- imt sdk-20230714t090256z-001/01- imt sdk/imt_sdk_win_64/winavr/bin/../lib/gcc/avr/4.3.3/avr5\libgcc.a(_gt_sf.o)
 .debug_pubnames
                0x000000ab       0x1e c:/users/salma/onedrive/desktop/embedded_systems/zipped/01- imt sdk-20230714t090256z-001/01- imt sdk/imt_sdk_win_64/winavr/bin/../lib/gcc/avr/4.3.3/avr5\libgcc.a(_ge_sf.o)
 .debug_pubnames
                0x000000c9       0x1e c:/users/salma/onedrive/desktop/embedded_systems/zipped/01- imt sdk-20230714t090256z-001/01- imt sdk/imt_sdk_win_64/winavr/bin/../lib/gcc/avr/4.3.3/avr5\libgcc.a(_lt_sf.o)
 .debug_pubnames
                0x000000e7       0x20 c:/users/salma/onedrive/desktop/embedded_systems/zipped/01- imt sdk-20230714t090256z-001/01- imt sdk/imt_sdk_win_64/winavr/bin/../lib/gcc/avr/4.3.3/avr5\libgcc.a(_sf_to_si.o)
 .debug_pubnames
                0x00000107       0x22 c:/users/salma/onedrive/desktop/embedded_systems/zipped/01- imt sdk-20230714t090256z-001/01- imt sdk/imt_sdk_win_64/winavr/bin/../lib/gcc/avr/4.3.3/avr5\libgcc.a(_thenan_sf.o)
 .debug_pubnames
                0x00000129       0x24 c:/users/salma/onedrive/desktop/embedded_systems/zipped/01- imt sdk-20230714t090256z-001/01- imt sdk/imt_sdk_win_64/winavr/bin/../lib/gcc/avr/4.3.3/avr5\libgcc.a(_usi_to_sf.o)
 .debug_pubnames
                0x0000014d       0x1f c:/users/salma/onedrive/desktop/embedded_systems/zipped/01- imt sdk-20230714t090256z-001/01- imt sdk/imt_sdk_win_64/winavr/bin/../lib/gcc/avr/4.3.3/avr5\libgcc.a(_clzsi2.o)
 .debug_pubnames
                0x0000016c       0x1f c:/users/salma/onedrive/desktop/embedded_systems/zipped/01- imt sdk-20230714t090256z-001/01- imt sdk/imt_sdk_win_64/winavr/bin/../lib/gcc/avr/4.3.3/avr5\libgcc.a(_pack_sf.o)
 .debug_pubnames
                0x0000018b       0x21 c:/users/salma/onedrive/desktop/embedded_systems/zipped/01- imt sdk-20230714t090256z-001/01- imt sdk/imt_sdk_win_64/winavr/bin/../lib/gcc/avr/4.3.3/avr5\libgcc.a(_unpack_sf.o)
 .debug_pubnames
                0x000001ac       0x26 c:/users/salma/onedrive/desktop/embedded_systems/zipped/01- imt sdk-20230714t090256z-001/01- imt sdk/imt_sdk_win_64/winavr/bin/../lib/gcc/avr/4.3.3/avr5\libgcc.a(_fpcmp_parts_sf.o)
 .debug_pubnames
                0x000001d2       0x20 c:/users/salma/onedrive/desktop/embedded_systems/zipped/01- imt sdk-20230714t090256z-001/01- imt sdk/imt_sdk_win_64/winavr/bin/../lib/gcc/avr/4.3.3/avr5\libgcc.a(_clz.o)

.debug_info     0x00000000     0x240b
 *(.debug_info)
 .debug_info    0x00000000       0xb1 c:/users/salma/onedrive/desktop/embedded_systems/zipped/01- imt sdk-20230714t090256z-001/01- imt sdk/imt_sdk_win_64/winavr/bin/../lib/gcc/avr/4.3.3/avr5\libgcc.a(_fixunssfsi.o)
 .debug_info    0x000000b1      0x47a c:/users/salma/onedrive/desktop/embedded_systems/zipped/01- imt sdk-20230714t090256z-001/01- imt sdk/imt_sdk_win_64/winavr/bin/../lib/gcc/avr/4.3.3/avr5\libgcc.a(_addsub_sf.o)
 .debug_info    0x0000052b      0x485 c:/users/salma/onedrive/desktop/embedded_systems/zipped/01- imt sdk-20230714t090256z-001/01- imt sdk/imt_sdk_win_64/winavr/bin/../lib/gcc/avr/4.3.3/avr5\libgcc.a(_mul_sf.o)
 .debug_info    0x000009b0      0x3fc c:/users/salma/onedrive/desktop/embedded_systems/zipped/01- imt sdk-20230714t090256z-001/01- imt sdk/imt_sdk_win_64/winavr/bin/../lib/gcc/avr/4.3.3/avr5\libgcc.a(_div_sf.o)
 .debug_info    0x00000dac      0x27f c:/users/salma/onedrive/desktop/embedded_systems/zipped/01- imt sdk-20230714t090256z-001/01- imt sdk/imt_sdk_win_64/winavr/bin/../lib/gcc/avr/4.3.3/avr5\libgcc.a(_gt_sf.o)
 .debug_info    0x0000102b      0x27f c:/users/salma/onedrive/desktop/embedded_systems/zipped/01- imt sdk-20230714t090256z-001/01- imt sdk/imt_sdk_win_64/winavr/bin/../lib/gcc/avr/4.3.3/avr5\libgcc.a(_ge_sf.o)
 .debug_info    0x000012aa      0x27f c:/users/salma/onedrive/desktop/embedded_systems/zipped/01- imt sdk-20230714t090256z-001/01- imt sdk/imt_sdk_win_64/winavr/bin/../lib/gcc/avr/4.3.3/avr5\libgcc.a(_lt_sf.o)
 .debug_info    0x00001529      0x2b0 c:/users/salma/onedrive/desktop/embedded_systems/zipped/01- imt sdk-20230714t090256z-001/01- imt sdk/imt_sdk_win_64/winavr/bin/../lib/gcc/avr/4.3.3/avr5\libgcc.a(_sf_to_si.o)
 .debug_info    0x000017d9      0x12c c:/users/salma/onedrive/desktop/embedded_systems/zipped/01- imt sdk-20230714t090256z-001/01- imt sdk/imt_sdk_win_64/winavr/bin/../lib/gcc/avr/4.3.3/avr5\libgcc.a(_thenan_sf.o)
 .debug_info    0x00001905      0x206 c:/users/salma/onedrive/desktop/embedded_systems/zipped/01- imt sdk-20230714t090256z-001/01- imt sdk/imt_sdk_win_64/winavr/bin/../lib/gcc/avr/4.3.3/avr5\libgcc.a(_usi_to_sf.o)
 .debug_info    0x00001b0b      0x117 c:/users/salma/onedrive/desktop/embedded_systems/zipped/01- imt sdk-20230714t090256z-001/01- imt sdk/imt_sdk_win_64/winavr/bin/../lib/gcc/avr/4.3.3/avr5\libgcc.a(_clzsi2.o)
 .debug_info    0x00001c22      0x2df c:/users/salma/onedrive/desktop/embedded_systems/zipped/01- imt sdk-20230714t090256z-001/01- imt sdk/imt_sdk_win_64/winavr/bin/../lib/gcc/avr/4.3.3/avr5\libgcc.a(_pack_sf.o)
 .debug_info    0x00001f01      0x251 c:/users/salma/onedrive/desktop/embedded_systems/zipped/01- imt sdk-20230714t090256z-001/01- imt sdk/imt_sdk_win_64/winavr/bin/../lib/gcc/avr/4.3.3/avr5\libgcc.a(_unpack_sf.o)
 .debug_info    0x00002152      0x210 c:/users/salma/onedrive/desktop/embedded_systems/zipped/01- imt sdk-20230714t090256z-001/01- imt sdk/imt_sdk_win_64/winavr/bin/../lib/gcc/avr/4.3.3/avr5\libgcc.a(_fpcmp_parts_sf.o)
 .debug_info    0x00002362       0xa9 c:/users/salma/onedrive/desktop/embedded_systems/zipped/01- imt sdk-20230714t090256z-001/01- imt sdk/imt_sdk_win_64/winavr/bin/../lib/gcc/avr/4.3.3/avr5\libgcc.a(_clz.o)
 *(.gnu.linkonce.wi.*)

.debug_abbrev   0x00000000     0x1386
 *(.debug_abbrev)
 .debug_abbrev  0x00000000       0x5d c:/users/salma/onedrive/desktop/embedded_systems/zipped/01- imt sdk-20230714t090256z-001/01- imt sdk/imt_sdk_win_64/winavr/bin/../lib/gcc/avr/4.3.3/avr5\libgcc.a(_fixunssfsi.o)
 .debug_abbrev  0x0000005d      0x1ea c:/users/salma/onedrive/desktop/embedded_systems/zipped/01- imt sdk-20230714t090256z-001/01- imt sdk/imt_sdk_win_64/winavr/bin/../lib/gcc/avr/4.3.3/avr5\libgcc.a(_addsub_sf.o)
 .debug_abbrev  0x00000247      0x21b c:/users/salma/onedrive/desktop/embedded_systems/zipped/01- imt sdk-20230714t090256z-001/01- imt sdk/imt_sdk_win_64/winavr/bin/../lib/gcc/avr/4.3.3/avr5\libgcc.a(_mul_sf.o)
 .debug_abbrev  0x00000462      0x216 c:/users/salma/onedrive/desktop/embedded_systems/zipped/01- imt sdk-20230714t090256z-001/01- imt sdk/imt_sdk_win_64/winavr/bin/../lib/gcc/avr/4.3.3/avr5\libgcc.a(_div_sf.o)
 .debug_abbrev  0x00000678      0x15a c:/users/salma/onedrive/desktop/embedded_systems/zipped/01- imt sdk-20230714t090256z-001/01- imt sdk/imt_sdk_win_64/winavr/bin/../lib/gcc/avr/4.3.3/avr5\libgcc.a(_gt_sf.o)
 .debug_abbrev  0x000007d2      0x15a c:/users/salma/onedrive/desktop/embedded_systems/zipped/01- imt sdk-20230714t090256z-001/01- imt sdk/imt_sdk_win_64/winavr/bin/../lib/gcc/avr/4.3.3/avr5\libgcc.a(_ge_sf.o)
 .debug_abbrev  0x0000092c      0x15a c:/users/salma/onedrive/desktop/embedded_systems/zipped/01- imt sdk-20230714t090256z-001/01- imt sdk/imt_sdk_win_64/winavr/bin/../lib/gcc/avr/4.3.3/avr5\libgcc.a(_lt_sf.o)
 .debug_abbrev  0x00000a86      0x17f c:/users/salma/onedrive/desktop/embedded_systems/zipped/01- imt sdk-20230714t090256z-001/01- imt sdk/imt_sdk_win_64/winavr/bin/../lib/gcc/avr/4.3.3/avr5\libgcc.a(_sf_to_si.o)
 .debug_abbrev  0x00000c05       0xad c:/users/salma/onedrive/desktop/embedded_systems/zipped/01- imt sdk-20230714t090256z-001/01- imt sdk/imt_sdk_win_64/winavr/bin/../lib/gcc/avr/4.3.3/avr5\libgcc.a(_thenan_sf.o)
 .debug_abbrev  0x00000cb2      0x157 c:/users/salma/onedrive/desktop/embedded_systems/zipped/01- imt sdk-20230714t090256z-001/01- imt sdk/imt_sdk_win_64/winavr/bin/../lib/gcc/avr/4.3.3/avr5\libgcc.a(_usi_to_sf.o)
 .debug_abbrev  0x00000e09       0xc4 c:/users/salma/onedrive/desktop/embedded_systems/zipped/01- imt sdk-20230714t090256z-001/01- imt sdk/imt_sdk_win_64/winavr/bin/../lib/gcc/avr/4.3.3/avr5\libgcc.a(_clzsi2.o)
 .debug_abbrev  0x00000ecd      0x1c0 c:/users/salma/onedrive/desktop/embedded_systems/zipped/01- imt sdk-20230714t090256z-001/01- imt sdk/imt_sdk_win_64/winavr/bin/../lib/gcc/avr/4.3.3/avr5\libgcc.a(_pack_sf.o)
 .debug_abbrev  0x0000108d      0x154 c:/users/salma/onedrive/desktop/embedded_systems/zipped/01- imt sdk-20230714t090256z-001/01- imt sdk/imt_sdk_win_64/winavr/bin/../lib/gcc/avr/4.3.3/avr5\libgcc.a(_unpack_sf.o)
 .debug_abbrev  0x000011e1      0x13b c:/users/salma/onedrive/desktop/embedded_systems/zipped/01- imt sdk-20230714t090256z-001/01- imt sdk/imt_sdk_win_64/winavr/bin/../lib/gcc/avr/4.3.3/avr5\libgcc.a(_fpcmp_parts_sf.o)
 .debug_abbrev  0x0000131c       0x6a c:/users/salma/onedrive/desktop/embedded_systems/zipped/01- imt sdk-20230714t090256z-001/01- imt sdk/imt_sdk_win_64/winavr/bin/../lib/gcc/avr/4.3.3/avr5\libgcc.a(_clz.o)

.debug_line     0x00000000     0x11d6
 *(.debug_line)
 .debug_line    0x00000000       0xa7 c:/users/salma/onedrive/desktop/embedded_systems/zipped/01- imt sdk-20230714t090256z-001/01- imt sdk/imt_sdk_win_64/winavr/bin/../lib/gcc/avr/4.3.3/avr5\libgcc.a(_fixunssfsi.o)
 .debug_line    0x000000a7      0x2af c:/users/salma/onedrive/desktop/embedded_systems/zipped/01- imt sdk-20230714t090256z-001/01- imt sdk/imt_sdk_win_64/winavr/bin/../lib/gcc/avr/4.3.3/avr5\libgcc.a(_addsub_sf.o)
 .debug_line    0x00000356      0x239 c:/users/salma/onedrive/desktop/embedded_systems/zipped/01- imt sdk-20230714t090256z-001/01- imt sdk/imt_sdk_win_64/winavr/bin/../lib/gcc/avr/4.3.3/avr5\libgcc.a(_mul_sf.o)
 .debug_line    0x0000058f      0x1d5 c:/users/salma/onedrive/desktop/embedded_systems/zipped/01- imt sdk-20230714t090256z-001/01- imt sdk/imt_sdk_win_64/winavr/bin/../lib/gcc/avr/4.3.3/avr5\libgcc.a(_div_sf.o)
 .debug_line    0x00000764       0xd3 c:/users/salma/onedrive/desktop/embedded_systems/zipped/01- imt sdk-20230714t090256z-001/01- imt sdk/imt_sdk_win_64/winavr/bin/../lib/gcc/avr/4.3.3/avr5\libgcc.a(_gt_sf.o)
 .debug_line    0x00000837       0xd3 c:/users/salma/onedrive/desktop/embedded_systems/zipped/01- imt sdk-20230714t090256z-001/01- imt sdk/imt_sdk_win_64/winavr/bin/../lib/gcc/avr/4.3.3/avr5\libgcc.a(_ge_sf.o)
 .debug_line    0x0000090a       0xd3 c:/users/salma/onedrive/desktop/embedded_systems/zipped/01- imt sdk-20230714t090256z-001/01- imt sdk/imt_sdk_win_64/winavr/bin/../lib/gcc/avr/4.3.3/avr5\libgcc.a(_lt_sf.o)
 .debug_line    0x000009dd      0x109 c:/users/salma/onedrive/desktop/embedded_systems/zipped/01- imt sdk-20230714t090256z-001/01- imt sdk/imt_sdk_win_64/winavr/bin/../lib/gcc/avr/4.3.3/avr5\libgcc.a(_sf_to_si.o)
 .debug_line    0x00000ae6       0x90 c:/users/salma/onedrive/desktop/embedded_systems/zipped/01- imt sdk-20230714t090256z-001/01- imt sdk/imt_sdk_win_64/winavr/bin/../lib/gcc/avr/4.3.3/avr5\libgcc.a(_thenan_sf.o)
 .debug_line    0x00000b76      0x133 c:/users/salma/onedrive/desktop/embedded_systems/zipped/01- imt sdk-20230714t090256z-001/01- imt sdk/imt_sdk_win_64/winavr/bin/../lib/gcc/avr/4.3.3/avr5\libgcc.a(_usi_to_sf.o)
 .debug_line    0x00000ca9       0xa5 c:/users/salma/onedrive/desktop/embedded_systems/zipped/01- imt sdk-20230714t090256z-001/01- imt sdk/imt_sdk_win_64/winavr/bin/../lib/gcc/avr/4.3.3/avr5\libgcc.a(_clzsi2.o)
 .debug_line    0x00000d4e      0x18a c:/users/salma/onedrive/desktop/embedded_systems/zipped/01- imt sdk-20230714t090256z-001/01- imt sdk/imt_sdk_win_64/winavr/bin/../lib/gcc/avr/4.3.3/avr5\libgcc.a(_pack_sf.o)
 .debug_line    0x00000ed8      0x14b c:/users/salma/onedrive/desktop/embedded_systems/zipped/01- imt sdk-20230714t090256z-001/01- imt sdk/imt_sdk_win_64/winavr/bin/../lib/gcc/avr/4.3.3/avr5\libgcc.a(_unpack_sf.o)
 .debug_line    0x00001023      0x137 c:/users/salma/onedrive/desktop/embedded_systems/zipped/01- imt sdk-20230714t090256z-001/01- imt sdk/imt_sdk_win_64/winavr/bin/../lib/gcc/avr/4.3.3/avr5\libgcc.a(_fpcmp_parts_sf.o)
 .debug_line    0x0000115a       0x7c c:/users/salma/onedrive/desktop/embedded_systems/zipped/01- imt sdk-20230714t090256z-001/01- imt sdk/imt_sdk_win_64/winavr/bin/../lib/gcc/avr/4.3.3/avr5\libgcc.a(_clz.o)

.debug_frame    0x00000000      0x1c0
 *(.debug_frame)
 .debug_frame   0x00000000       0x20 c:/users/salma/onedrive/desktop/embedded_systems/zipped/01- imt sdk-20230714t090256z-001/01- imt sdk/imt_sdk_win_64/winavr/bin/../lib/gcc/avr/4.3.3/avr5\libgcc.a(_fixunssfsi.o)
 .debug_frame   0x00000020       0x40 c:/users/salma/onedrive/desktop/embedded_systems/zipped/01- imt sdk-20230714t090256z-001/01- imt sdk/imt_sdk_win_64/winavr/bin/../lib/gcc/avr/4.3.3/avr5\libgcc.a(_addsub_sf.o)
 .debug_frame   0x00000060       0x20 c:/users/salma/onedrive/desktop/embedded_systems/zipped/01- imt sdk-20230714t090256z-001/01- imt sdk/imt_sdk_win_64/winavr/bin/../lib/gcc/avr/4.3.3/avr5\libgcc.a(_mul_sf.o)
 .debug_frame   0x00000080       0x20 c:/users/salma/onedrive/desktop/embedded_systems/zipped/01- imt sdk-20230714t090256z-001/01- imt sdk/imt_sdk_win_64/winavr/bin/../lib/gcc/avr/4.3.3/avr5\libgcc.a(_div_sf.o)
 .debug_frame   0x000000a0       0x20 c:/users/salma/onedrive/desktop/embedded_systems/zipped/01- imt sdk-20230714t090256z-001/01- imt sdk/imt_sdk_win_64/winavr/bin/../lib/gcc/avr/4.3.3/avr5\libgcc.a(_gt_sf.o)
 .debug_frame   0x000000c0       0x20 c:/users/salma/onedrive/desktop/embedded_systems/zipped/01- imt sdk-20230714t090256z-001/01- imt sdk/imt_sdk_win_64/winavr/bin/../lib/gcc/avr/4.3.3/avr5\libgcc.a(_ge_sf.o)
 .debug_frame   0x000000e0       0x20 c:/users/salma/onedrive/desktop/embedded_systems/zipped/01- imt sdk-20230714t090256z-001/01- imt sdk/imt_sdk_win_64/winavr/bin/../lib/gcc/avr/4.3.3/avr5\libgcc.a(_lt_sf.o)
 .debug_frame   0x00000100       0x20 c:/users/salma/onedrive/desktop/embedded_systems/zipped/01- imt sdk-20230714t090256z-001/01- imt sdk/imt_sdk_win_64/winavr/bin/../lib/gcc/avr/4.3.3/avr5\libgcc.a(_sf_to_si.o)
 .debug_frame   0x00000120       0x20 c:/users/salma/onedrive/desktop/embedded_systems/zipped/01- imt sdk-20230714t090256z-001/01- imt sdk/imt_sdk_win_64/winavr/bin/../lib/gcc/avr/4.3.3/avr5\libgcc.a(_usi_to_sf.o)
 .debug_frame   0x00000140       0x20 c:/users/salma/onedrive/desktop/embedded_systems/zipped/01- imt sdk-20230714t090256z-001/01- imt sdk/imt_sdk_win_64/winavr/bin/../lib/gcc/avr/4.3.3/avr5\libgcc.a(_clzsi2.o)
 .debug_frame   0x00000160       0x20 c:/users/salma/onedrive/desktop/embedded_systems/zipped/01- imt sdk-20230714t090256z-001/01- imt sdk/imt_sdk_win_64/winavr/bin/../lib/gcc/avr/4.3.3/avr5\libgcc.a(_pack_sf.o)
 .debug_frame   0x00000180       0x20 c:/users/salma/onedrive/desktop/embedded_systems/zipped/01- imt sdk-20230714t090256z-001/01- imt sdk/imt_sdk_win_64/winavr/bin/../lib/gcc/avr/4.3.3/avr5\libgcc.a(_unpack_sf.o)
 .debug_frame   0x000001a0       0x20 c:/users/salma/onedrive/desktop/embedded_systems/zipped/01- imt sdk-20230714t090256z-001/01- imt sdk/imt_sdk_win_64/winavr/bin/../lib/gcc/avr/4.3.3/avr5\libgcc.a(_fpcmp_parts_sf.o)

.debug_str      0x00000000      0x2f6
 *(.debug_str)
 .debug_str     0x00000000       0xbf c:/users/salma/onedrive/desktop/embedded_systems/zipped/01- imt sdk-20230714t090256z-001/01- imt sdk/imt_sdk_win_64/winavr/bin/../lib/gcc/avr/4.3.3/avr5\libgcc.a(_fixunssfsi.o)
                                 0xfe (size before relaxing)
 .debug_str     0x000000bf      0x14d c:/users/salma/onedrive/desktop/embedded_systems/zipped/01- imt sdk-20230714t090256z-001/01- imt sdk/imt_sdk_win_64/winavr/bin/../lib/gcc/avr/4.3.3/avr5\libgcc.a(_addsub_sf.o)
                                0x206 (size before relaxing)
 .debug_str     0x0000020c       0x27 c:/users/salma/onedrive/desktop/embedded_systems/zipped/01- imt sdk-20230714t090256z-001/01- imt sdk/imt_sdk_win_64/winavr/bin/../lib/gcc/avr/4.3.3/avr5\libgcc.a(_mul_sf.o)
                                0x1bf (size before relaxing)
 .debug_str     0x00000233       0x35 c:/users/salma/onedrive/desktop/embedded_systems/zipped/01- imt sdk-20230714t090256z-001/01- imt sdk/imt_sdk_win_64/winavr/bin/../lib/gcc/avr/4.3.3/avr5\libgcc.a(_div_sf.o)
                                0x1c8 (size before relaxing)
 .debug_str     0x00000268        0x8 c:/users/salma/onedrive/desktop/embedded_systems/zipped/01- imt sdk-20230714t090256z-001/01- imt sdk/imt_sdk_win_64/winavr/bin/../lib/gcc/avr/4.3.3/avr5\libgcc.a(_gt_sf.o)
                                0x195 (size before relaxing)
 .debug_str     0x00000270        0x8 c:/users/salma/onedrive/desktop/embedded_systems/zipped/01- imt sdk-20230714t090256z-001/01- imt sdk/imt_sdk_win_64/winavr/bin/../lib/gcc/avr/4.3.3/avr5\libgcc.a(_ge_sf.o)
                                0x195 (size before relaxing)
 .debug_str     0x00000278        0x8 c:/users/salma/onedrive/desktop/embedded_systems/zipped/01- imt sdk-20230714t090256z-001/01- imt sdk/imt_sdk_win_64/winavr/bin/../lib/gcc/avr/4.3.3/avr5\libgcc.a(_lt_sf.o)
                                0x195 (size before relaxing)
 .debug_str     0x00000280        0xa c:/users/salma/onedrive/desktop/embedded_systems/zipped/01- imt sdk-20230714t090256z-001/01- imt sdk/imt_sdk_win_64/winavr/bin/../lib/gcc/avr/4.3.3/avr5\libgcc.a(_sf_to_si.o)
                                0x19e (size before relaxing)
 .debug_str     0x00000000      0x103 c:/users/salma/onedrive/desktop/embedded_systems/zipped/01- imt sdk-20230714t090256z-001/01- imt sdk/imt_sdk_win_64/winavr/bin/../lib/gcc/avr/4.3.3/avr5\libgcc.a(_thenan_sf.o)
 .debug_str     0x0000028a       0x21 c:/users/salma/onedrive/desktop/embedded_systems/zipped/01- imt sdk-20230714t090256z-001/01- imt sdk/imt_sdk_win_64/winavr/bin/../lib/gcc/avr/4.3.3/avr5\libgcc.a(_usi_to_sf.o)
                                0x177 (size before relaxing)
 .debug_str     0x000002ab       0x20 c:/users/salma/onedrive/desktop/embedded_systems/zipped/01- imt sdk-20230714t090256z-001/01- imt sdk/imt_sdk_win_64/winavr/bin/../lib/gcc/avr/4.3.3/avr5\libgcc.a(_clzsi2.o)
                                0x111 (size before relaxing)
 .debug_str     0x000002cb       0x10 c:/users/salma/onedrive/desktop/embedded_systems/zipped/01- imt sdk-20230714t090256z-001/01- imt sdk/imt_sdk_win_64/winavr/bin/../lib/gcc/avr/4.3.3/avr5\libgcc.a(_pack_sf.o)
                                0x19d (size before relaxing)
 .debug_str     0x000002db        0xb c:/users/salma/onedrive/desktop/embedded_systems/zipped/01- imt sdk-20230714t090256z-001/01- imt sdk/imt_sdk_win_64/winavr/bin/../lib/gcc/avr/4.3.3/avr5\libgcc.a(_unpack_sf.o)
                                0x17f (size before relaxing)
 .debug_str     0x000002e6       0x10 c:/users/salma/onedrive/desktop/embedded_systems/zipped/01- imt sdk-20230714t090256z-001/01- imt sdk/imt_sdk_win_64/winavr/bin/../lib/gcc/avr/4.3.3/avr5\libgcc.a(_fpcmp_parts_sf.o)
                                0x163 (size before relaxing)
 .debug_str     0x00000000       0xf4 c:/users/salma/onedrive/desktop/embedded_systems/zipped/01- imt sdk-20230714t090256z-001/01- imt sdk/imt_sdk_win_64/winavr/bin/../lib/gcc/avr/4.3.3/avr5\libgcc.a(_clz.o)

.debug_loc      0x00000000      0x96e
 *(.debug_loc)
 .debug_loc     0x00000000       0x34 c:/users/salma/onedrive/desktop/embedded_systems/zipped/01- imt sdk-20230714t090256z-001/01- imt sdk/imt_sdk_win_64/winavr/bin/../lib/gcc/avr/4.3.3/avr5\libgcc.a(_fixunssfsi.o)
 .debug_loc     0x00000034      0x32a c:/users/salma/onedrive/desktop/embedded_systems/zipped/01- imt sdk-20230714t090256z-001/01- imt sdk/imt_sdk_win_64/winavr/bin/../lib/gcc/avr/4.3.3/avr5\libgcc.a(_addsub_sf.o)
 .debug_loc     0x0000035e      0x104 c:/users/salma/onedrive/desktop/embedded_systems/zipped/01- imt sdk-20230714t090256z-001/01- imt sdk/imt_sdk_win_64/winavr/bin/../lib/gcc/avr/4.3.3/avr5\libgcc.a(_mul_sf.o)
 .debug_loc     0x00000462       0xc0 c:/users/salma/onedrive/desktop/embedded_systems/zipped/01- imt sdk-20230714t090256z-001/01- imt sdk/imt_sdk_win_64/winavr/bin/../lib/gcc/avr/4.3.3/avr5\libgcc.a(_div_sf.o)
 .debug_loc     0x00000522       0x3c c:/users/salma/onedrive/desktop/embedded_systems/zipped/01- imt sdk-20230714t090256z-001/01- imt sdk/imt_sdk_win_64/winavr/bin/../lib/gcc/avr/4.3.3/avr5\libgcc.a(_gt_sf.o)
 .debug_loc     0x0000055e       0x3c c:/users/salma/onedrive/desktop/embedded_systems/zipped/01- imt sdk-20230714t090256z-001/01- imt sdk/imt_sdk_win_64/winavr/bin/../lib/gcc/avr/4.3.3/avr5\libgcc.a(_ge_sf.o)
 .debug_loc     0x0000059a       0x3c c:/users/salma/onedrive/desktop/embedded_systems/zipped/01- imt sdk-20230714t090256z-001/01- imt sdk/imt_sdk_win_64/winavr/bin/../lib/gcc/avr/4.3.3/avr5\libgcc.a(_lt_sf.o)
 .debug_loc     0x000005d6       0x7e c:/users/salma/onedrive/desktop/embedded_systems/zipped/01- imt sdk-20230714t090256z-001/01- imt sdk/imt_sdk_win_64/winavr/bin/../lib/gcc/avr/4.3.3/avr5\libgcc.a(_sf_to_si.o)
 .debug_loc     0x00000654       0x4c c:/users/salma/onedrive/desktop/embedded_systems/zipped/01- imt sdk-20230714t090256z-001/01- imt sdk/imt_sdk_win_64/winavr/bin/../lib/gcc/avr/4.3.3/avr5\libgcc.a(_usi_to_sf.o)
 .debug_loc     0x000006a0       0x94 c:/users/salma/onedrive/desktop/embedded_systems/zipped/01- imt sdk-20230714t090256z-001/01- imt sdk/imt_sdk_win_64/winavr/bin/../lib/gcc/avr/4.3.3/avr5\libgcc.a(_clzsi2.o)
 .debug_loc     0x00000734      0x13e c:/users/salma/onedrive/desktop/embedded_systems/zipped/01- imt sdk-20230714t090256z-001/01- imt sdk/imt_sdk_win_64/winavr/bin/../lib/gcc/avr/4.3.3/avr5\libgcc.a(_pack_sf.o)
 .debug_loc     0x00000872       0xac c:/users/salma/onedrive/desktop/embedded_systems/zipped/01- imt sdk-20230714t090256z-001/01- imt sdk/imt_sdk_win_64/winavr/bin/../lib/gcc/avr/4.3.3/avr5\libgcc.a(_unpack_sf.o)
 .debug_loc     0x0000091e       0x50 c:/users/salma/onedrive/desktop/embedded_systems/zipped/01- imt sdk-20230714t090256z-001/01- imt sdk/imt_sdk_win_64/winavr/bin/../lib/gcc/avr/4.3.3/avr5\libgcc.a(_fpcmp_parts_sf.o)

.debug_macinfo
 *(.debug_macinfo)
OUTPUT(Drivers.elf elf32-avr)
LOAD linker stubs

.debug_ranges   0x00000000       0x50
 .debug_ranges  0x00000000       0x50 c:/users/salma/onedrive/desktop/embedded_systems/zipped/01- imt sdk-20230714t090256z-001/01- imt sdk/imt_sdk_win_64/winavr/bin/../lib/gcc/avr/4.3.3/avr5\libgcc.a(_mul_sf.o)
